Product: MDK-ARM Professional 5.10
Component: ARM Compiler 5.04 update 1 (build 49)
Tool: armlink [5040049]

==============================================================================

Section Cross References

    retarget.o(.text) refers to com.o(.text) for COM_ReadByte
    main.o(.text) refers to encoder.o(.text) for Encoder_GetVal
    main.o(.text) refers to printf1.o(i.__0printf$1) for __2printf
    main.o(.text) refers to tasks.o(.text) for vTaskDelay
    main.o(.text) refers to com.o(.text) for COM_Init
    main.o(.text) refers to motor.o(.text) for motor_Init
    main.o(.text) refers to led.o(.text) for LED_Init
    main.o(.text) refers to pwm.o(.text) for PWM_Init
    main.o(.text) refers to port.o(.emb_text) for ulPortSetInterruptMask
    main.o(.text) refers to main.o(.data) for pwm
    stm32f4xx_gpio.o(.text) refers to stm32f4xx_rcc.o(.text) for RCC_AHB1PeriphResetCmd
    stm32f4xx_rcc.o(.text) refers to stm32f4xx_rcc.o(.data) for APBAHBPrescTable
    stm32f4xx_tim.o(.text) refers to stm32f4xx_rcc.o(.text) for RCC_APB2PeriphResetCmd
    stm32f4xx_usart.o(.text) refers to stm32f4xx_rcc.o(.text) for RCC_APB2PeriphResetCmd
    system_stm32f4xx.o(.text) refers to system_stm32f4xx.o(.data) for SystemCoreClock
    startup_stm32f401xx.o(RESET) refers to startup_stm32f401xx.o(STACK) for __initial_sp
    startup_stm32f401xx.o(RESET) refers to startup_stm32f401xx.o(.text) for Reset_Handler
    startup_stm32f401xx.o(RESET) refers to port.o(.emb_text) for SVC_Handler
    startup_stm32f401xx.o(RESET) refers to port.o(.text) for SysTick_Handler
    startup_stm32f401xx.o(RESET) refers to com.o(.text) for USART1_IRQHandler
    startup_stm32f401xx.o(.text) refers to system_stm32f4xx.o(.text) for SystemInit
    startup_stm32f401xx.o(.text) refers to entry.o(.ARM.Collect$$$$00000000) for __main
    com.o(.text) refers to stm32f4xx_usart.o(.text) for USART_SendData
    com.o(.text) refers to stm32f4xx_rcc.o(.text) for RCC_APB2PeriphClockCmd
    com.o(.text) refers to stm32f4xx_gpio.o(.text) for GPIO_PinAFConfig
    com.o(.text) refers to misc.o(.text) for NVIC_Init
    com.o(.text) refers to com.o(.constdata) for hw_config
    com.o(.text) refers to com.o(.bss) for DataReceivedHandler
    led.o(.text) refers to stm32f4xx_rcc.o(.text) for RCC_AHB1PeriphClockCmd
    led.o(.text) refers to stm32f4xx_gpio.o(.text) for GPIO_Init
    encoder.o(.text) refers to stm32f4xx_rcc.o(.text) for RCC_AHB1PeriphClockCmd
    encoder.o(.text) refers to stm32f4xx_gpio.o(.text) for GPIO_Init
    encoder.o(.text) refers to stm32f4xx_tim.o(.text) for TIM_TimeBaseInit
    encoder.o(.text) refers to encoder.o(.constdata) for ENC_iParam
    encoder.o(.text) refers to encoder.o(.bss) for encoder_data
    gpt.o(.text) refers to stm32f4xx_rcc.o(.text) for RCC_AHB1PeriphClockCmd
    gpt.o(.text) refers to stm32f4xx_gpio.o(.text) for GPIO_Init
    gpt.o(.text) refers to gpt.o(.constdata) for GPT_iPinParam
    motor.o(.text) refers to gpt.o(.text) for GPT_SetStatus
    motor.o(.text) refers to motor.o(.data) for motor
    pwm.o(.text) refers to stm32f4xx_rcc.o(.text) for RCC_APB1PeriphClockCmd
    pwm.o(.text) refers to stm32f4xx_gpio.o(.text) for GPIO_Init
    pwm.o(.text) refers to stm32f4xx_tim.o(.text) for TIM_TimeBaseInit
    pwm.o(.text) refers to system_stm32f4xx.o(.data) for SystemCoreClock
    queue.o(.text) refers to port.o(.emb_text) for ulPortSetInterruptMask
    queue.o(.text) refers to port.o(.text) for vPortEnterCritical
    queue.o(.text) refers to tasks.o(.text) for xTaskRemoveFromEventList
    queue.o(.text) refers to list.o(.text) for vListInitialise
    queue.o(.text) refers to heap_2.o(.text) for pvPortMalloc
    queue.o(.text) refers to memcpya.o(.text) for __aeabi_memcpy
    queue.o(.text) refers to queue.o(.bss) for xQueueRegistry
    tasks.o(.text) refers to list.o(.text) for vListInitialise
    tasks.o(.text) refers to heap_2.o(.text) for pvPortMalloc
    tasks.o(.text) refers to memseta.o(.text) for __aeabi_memset
    tasks.o(.text) refers to port.o(.emb_text) for ulPortSetInterruptMask
    tasks.o(.text) refers to port.o(.text) for pxPortInitialiseStack
    tasks.o(.text) refers to tasks.o(.bss) for pxReadyTasksLists
    tasks.o(.text) refers to tasks.o(.data) for pxDelayedTaskList
    tasks.o(.text) refers to main.o(.text) for vApplicationStackOverflowHook
    tasks.o(.text) refers to timers.o(.text) for xTimerCreateTimerTask
    timers.o(.text) refers to list.o(.text) for vListInsert
    timers.o(.text) refers to tasks.o(.text) for xTaskGetSchedulerState
    timers.o(.text) refers to queue.o(.text) for xQueueGenericSend
    timers.o(.text) refers to port.o(.emb_text) for ulPortSetInterruptMask
    timers.o(.text) refers to heap_2.o(.text) for vPortFree
    timers.o(.text) refers to port.o(.text) for vPortYield
    timers.o(.text) refers to timers.o(.data) for pxOverflowTimerList
[...]
    printf2.o(i.__0vprintf$2) refers to retarget.o(.text) for fputc
    printf2.o(i.__0vprintf$2) refers to retarget.o(.data) for __stdout
    printf2.o(i.__0vsnprintf$2) refers to printf2.o(i._printf_core) for _printf_core
    printf2.o(i.__0vsnprintf$2) refers to printf2.o(i._snputc) for _snputc
    printf2.o(i.__0vsprintf$2) refers to printf2.o(i._printf_core) for _printf_core
    printf2.o(i.__0vsprintf$2) refers to printf2.o(i._sputc) for _sputc
    printf3.o(i.__0fprintf$3) refers to printf3.o(i._printf_core) for _printf_core
    printf3.o(i.__0fprintf$3) refers to retarget.o(.text) for fputc
    printf3.o(i.__0printf$3) refers to printf3.o(i._printf_core) for _printf_core
    printf3.o(i.__0printf$3) refers to retarget.o(.text) for fputc
    printf3.o(i.__0printf$3) refers to retarget.o(.data) for __stdout
    printf3.o(i.__0snprintf$3) refers to printf3.o(i._printf_core) for _printf_core
    printf3.o(i.__0snprintf$3) refers to printf3.o(i._snputc) for _snputc
    printf3.o(i.__0sprintf$3) refers to printf3.o(i._printf_core) for _printf_core
    printf3.o(i.__0sprintf$3) refers to printf3.o(i._sputc) for _sputc
    printf3.o(i.__0vfprintf$3) refers to printf3.o(i._printf_core) for _printf_core
    printf3.o(i.__0vfprintf$3) refers to retarget.o(.text) for fputc
    printf3.o(i.__0vprintf$3) refers to printf3.o(i._printf_core) for _printf_core
    printf3.o(i.__0vprintf$3) refers to retarget.o(.text) for fputc
    printf3.o(i.__0vprintf$3) refers to retarget.o(.data) for __stdout
    printf3.o(i.__0vsnprintf$3) refers to printf3.o(i._printf_core) for _printf_core
    printf3.o(i.__0vsnprintf$3) refers to printf3.o(i._snputc) for _snputc
    printf3.o(i.__0vsprintf$3) refers to printf3.o(i._printf_core) for _printf_core
    printf3.o(i.__0vsprintf$3) refers to printf3.o(i._sputc) for _sputc
    printf3.o(i._printf_core) refers to uidiv.o(.text) for __aeabi_uidivmod
    printf4.o(i.__0fprintf$4) refers to printf4.o(i._printf_core) for _printf_core
    printf4.o(i.__0fprintf$4) refers to retarget.o(.text) for fputc
    printf4.o(i.__0printf$4) refers to printf4.o(i._printf_core) for _printf_core
    printf4.o(i.__0printf$4) refers to retarget.o(.text) for fputc
    printf4.o(i.__0printf$4) refers to retarget.o(.data) for __stdout
    printf4.o(i.__0snprintf$4) refers to printf4.o(i._printf_core) for _printf_core
    printf4.o(i.__0snprintf$4) refers to printf4.o(i._snputc) for _snputc
    printf4.o(i.__0sprintf$4) refers to printf4.o(i._printf_core) for _printf_core
    printf4.o(i.__0sprintf$4) refers to printf4.o(i._sputc) for _sputc
    printf4.o(i.__0vfprintf$4) refers to printf4.o(i._printf_core) for _printf_core
    printf4.o(i.__0vfprintf$4) refers to retarget.o(.text) for fputc
    printf4.o(i.__0vprintf$4) refers to printf4.o(i._printf_core) for _printf_core
    printf4.o(i.__0vprintf$4) refers to retarget.o(.text) for fputc
    printf4.o(i.__0vprintf$4) refers to retarget.o(.data) for __stdout
    printf4.o(i.__0vsnprintf$4) refers to printf4.o(i._printf_core) for _printf_core
    printf4.o(i.__0vsnprintf$4) refers to printf4.o(i._snputc) for _snputc
    printf4.o(i.__0vsprintf$4) refers to printf4.o(i._printf_core) for _printf_core
    printf4.o(i.__0vsprintf$4) refers to printf4.o(i._sputc) for _sputc
    printf4.o(i._printf_core) refers to uldiv.o(.text) for __aeabi_uldivmod
    printf5.o(i.__0fprintf$5) refers to printf5.o(i._printf_core) for _printf_core
    printf5.o(i.__0fprintf$5) refers to retarget.o(.text) for fputc
    printf5.o(i.__0printf$5) refers to printf5.o(i._printf_core) for _printf_core
    printf5.o(i.__0printf$5) refers to retarget.o(.text) for fputc
    printf5.o(i.__0printf$5) refers to retarget.o(.data) for __stdout
    printf5.o(i.__0snprintf$5) refers to printf5.o(i._printf_core) for _printf_core
    printf5.o(i.__0snprintf$5) refers to printf5.o(i._snputc) for _snputc
    printf5.o(i.__0sprintf$5) refers to printf5.o(i._printf_core) for _printf_core
    printf5.o(i.__0sprintf$5) refers to printf5.o(i._sputc) for _sputc
    printf5.o(i.__0vfprintf$5) refers to printf5.o(i._printf_core) for _printf_core
    printf5.o(i.__0vfprintf$5) refers to retarget.o(.text) for fputc
    printf5.o(i.__0vprintf$5) refers to printf5.o(i._printf_core) for _printf_core
    printf5.o(i.__0vprintf$5) refers to retarget.o(.text) for fputc
    printf5.o(i.__0vprintf$5) refers to retarget.o(.data) for __stdout
    printf5.o(i.__0vsnprintf$5) refers to printf5.o(i._printf_core) for _printf_core
    printf5.o(i.__0vsnprintf$5) refers to printf5.o(i._snputc) for _snputc
    printf5.o(i.__0vsprintf$5) refers to printf5.o(i._printf_core) for _printf_core
    printf5.o(i.__0vsprintf$5) refers to printf5.o(i._sputc) for _sputc
    printf5.o(i._printf_core) refers to uldiv.o(.text) for __aeabi_uldivmod
    printf6.o(i.__0fprintf$6) refers to printf6.o(i._printf_core) for _printf_core
    printf6.o(i.__0fprintf$6) refers to retarget.o(.text) for fputc
    printf6.o(i.__0printf$6) refers to printf6.o(i._printf_core) for _printf_core
    printf6.o(i.__0printf$6) refers to retarget.o(.text) for fputc
    printf6.o(i.__0printf$6) refers to retarget.o(.data) for __stdout
    printf6.o(i.__0snprintf$6) refers to printf6.o(i._printf_core) for _printf_core
    printf6.o(i.__0snprintf$6) refers to printf6.o(i._snputc) for _snputc
    printf6.o(i.__0sprintf$6) refers to printf6.o(i._printf_core) for _printf_core
    printf6.o(i.__0sprintf$6) refers to printf6.o(i._sputc) for _sputc
    printf6.o(i.__0vfprintf$6) refers to printf6.o(i._printf_core) for _printf_core
    printf6.o(i.__0vfprintf$6) refers to retarget.o(.text) for fputc
    printf6.o(i.__0vprintf$6) refers to printf6.o(i._printf_core) for _printf_core
    printf6.o(i.__0vprintf$6) refers to retarget.o(.text) for fputc
    printf6.o(i.__0vprintf$6) refers to retarget.o(.data) for __stdout
    printf6.o(i.__0vsnprintf$6) refers to printf6.o(i._printf_core) for _printf_core
    printf6.o(i.__0vsnprintf$6) refers to printf6.o(i._snputc) for _snputc
    printf6.o(i.__0vsprintf$6) refers to printf6.o(i._printf_core) for _printf_core
    printf6.o(i.__0vsprintf$6) refers to printf6.o(i._sputc) for _sputc
    printf6.o(i._printf_core) refers to printf6.o(i._printf_pre_padding) for _printf_pre_padding
    printf6.o(i._printf_core) refers to uidiv.o(.text) for __aeabi_uidivmod
    printf6.o(i._printf_core) refers to printf6.o(i._printf_post_padding) for _printf_post_padding
    printf7.o(i.__0fprintf$7) refers to printf7.o(i._printf_core) for _printf_core
    printf7.o(i.__0fprintf$7) refers to retarget.o(.text) for fputc
    printf7.o(i.__0printf$7) refers to printf7.o(i._printf_core) for _printf_core
    printf7.o(i.__0printf$7) refers to retarget.o(.text) for fputc
    printf7.o(i.__0printf$7) refers to retarget.o(.data) for __stdout
    printf7.o(i.__0snprintf$7) refers to printf7.o(i._printf_core) for _printf_core
    printf7.o(i.__0snprintf$7) refers to printf7.o(i._snputc) for _snputc
    printf7.o(i.__0sprintf$7) refers to printf7.o(i._printf_core) for _printf_core
    printf7.o(i.__0sprintf$7) refers to printf7.o(i._sputc) for _sputc
    printf7.o(i.__0vfprintf$7) refers to printf7.o(i._printf_core) for _printf_core
    printf7.o(i.__0vfprintf$7) refers to retarget.o(.text) for fputc
    printf7.o(i.__0vprintf$7) refers to printf7.o(i._printf_core) for _printf_core
    printf7.o(i.__0vprintf$7) refers to retarget.o(.text) for fputc
    printf7.o(i.__0vprintf$7) refers to retarget.o(.data) for __stdout
    printf7.o(i.__0vsnprintf$7) refers to printf7.o(i._printf_core) for _printf_core
    printf7.o(i.__0vsnprintf$7) refers to printf7.o(i._snputc) for _snputc
    printf7.o(i.__0vsprintf$7) refers to printf7.o(i._printf_core) for _printf_core
    printf7.o(i.__0vsprintf$7) refers to printf7.o(i._sputc) for _sputc
    printf7.o(i._printf_core) refers to printf7.o(i._printf_pre_padding) for _printf_pre_padding
    printf7.o(i._printf_core) refers to uldiv.o(.text) for __aeabi_uldivmod
    printf7.o(i._printf_core) refers to printf7.o(i._printf_post_padding) for _printf_post_padding
    printf8.o(i.__0fprintf$8) refers to printf8.o(i._printf_core) for _printf_core
    printf8.o(i.__0fprintf$8) refers to retarget.o(.text) for fputc
    printf8.o(i.__0printf$8) refers to printf8.o(i._printf_core) for _printf_core
    printf8.o(i.__0printf$8) refers to retarget.o(.text) for fputc
    printf8.o(i.__0printf$8) refers to retarget.o(.data) for __stdout
    printf8.o(i.__0snprintf$8) refers to printf8.o(i._printf_core) for _printf_core
    printf8.o(i.__0snprintf$8) refers to printf8.o(i._snputc) for _snputc
    printf8.o(i.__0sprintf$8) refers to printf8.o(i._printf_core) for _printf_core
    printf8.o(i.__0sprintf$8) refers to printf8.o(i._sputc) for _sputc
    printf8.o(i.__0vfprintf$8) refers to printf8.o(i._printf_core) for _printf_core
    printf8.o(i.__0vfprintf$8) refers to retarget.o(.text) for fputc
    printf8.o(i.__0vprintf$8) refers to printf8.o(i._printf_core) for _printf_core
    printf8.o(i.__0vprintf$8) refers to retarget.o(.text) for fputc
    printf8.o(i.__0vprintf$8) refers to retarget.o(.data) for __stdout
    printf8.o(i.__0vsnprintf$8) refers to printf8.o(i._printf_core) for _printf_core
    printf8.o(i.__0vsnprintf$8) refers to printf8.o(i._snputc) for _snputc
    printf8.o(i.__0vsprintf$8) refers to printf8.o(i._printf_core) for _printf_core
    printf8.o(i.__0vsprintf$8) refers to printf8.o(i._sputc) for _sputc
    printf8.o(i._printf_core) refers to printf8.o(i._printf_pre_padding) for _printf_pre_padding
    printf8.o(i._printf_core) refers to uldiv.o(.text) for __aeabi_uldivmod
    printf8.o(i._printf_core) refers to printf8.o(i._printf_post_padding) for _printf_post_padding
    printfa.o(i.__0fprintf) refers (Special) to iusefp.o(.text) for __I$use$fp
    printfa.o(i.__0fprintf) refers to printfa.o(i._printf_core) for _printf_core
    printfa.o(i.__0fprintf) refers to retarget.o(.text) for fputc
    printfa.o(i.__0printf) refers (Special) to iusefp.o(.text) for __I$use$fp
    printfa.o(i.__0printf) refers to printfa.o(i._printf_core) for _printf_core
    printfa.o(i.__0printf) refers to retarget.o(.text) for fputc
    printfa.o(i.__0printf) refers to retarget.o(.data) for __stdout
    printfa.o(i.__0snprintf) refers (Special) to iusefp.o(.text) for __I$use$fp
    printfa.o(i.__0snprintf) refers to printfa.o(i._printf_core) for _printf_core
    printfa.o(i.__0snprintf) refers to printfa.o(i._snputc) for _snputc
    printfa.o(i.__0sprintf) refers (Special) to iusefp.o(.text) for __I$use$fp
    printfa.o(i.__0sprintf) refers to printfa.o(i._printf_core) for _printf_core
    printfa.o(i.__0sprintf) refers to printfa.o(i._sputc) for _sputc
    printfa.o(i.__0vfprintf) refers (Special) to iusefp.o(.text) for __I$use$fp
    printfa.o(i.__0vfprintf) refers to printfa.o(i._printf_core) for _printf_core
    printfa.o(i.__0vfprintf) refers to retarget.o(.text) for fputc
    printfa.o(i.__0vprintf) refers (Special) to iusefp.o(.text) for __I$use$fp
    printfa.o(i.__0vprintf) refers to printfa.o(i._printf_core) for _printf_core
    printfa.o(i.__0vprintf) refers to retarget.o(.text) for fputc
    printfa.o(i.__0vprintf) refers to retarget.o(.data) for __stdout
    printfa.o(i.__0vsnprintf) refers (Special) to iusefp.o(.text) for __I$use$fp
    printfa.o(i.__0vsnprintf) refers to printfa.o(i._printf_core) for _printf_core
    printfa.o(i.__0vsnprintf) refers to printfa.o(i._snputc) for _snputc
    printfa.o(i.__0vsprintf) refers (Special) to iusefp.o(.text) for __I$use$fp
    printfa.o(i.__0vsprintf) refers to printfa.o(i._printf_core) for _printf_core
    printfa.o(i.__0vsprintf) refers to printfa.o(i._sputc) for _sputc
    printfa.o(i._fp_digits) refers (Special) to iusefp.o(.text) for __I$use$fp
    printfa.o(i._fp_digits) refers to dmul.o(.text) for __aeabi_dmul
    printfa.o(i._fp_digits) refers to ddiv.o(.text) for __aeabi_ddiv
    printfa.o(i._fp_digits) refers to cdrcmple.o(.text) for __aeabi_cdrcmple
    printfa.o(i._fp_digits) refers to dadd.o(.text) for __aeabi_dadd
    printfa.o(i._fp_digits) refers to dfixul.o(.text) for __aeabi_d2ulz
    printfa.o(i._fp_digits) refers to uldiv.o(.text) for __aeabi_uldivmod
    printfa.o(i._printf_core) refers (Special) to iusefp.o(.text) for __I$use$fp
    printfa.o(i._printf_core) refers to printfa.o(i._printf_pre_padding) for _printf_pre_padding
    printfa.o(i._printf_core) refers to uldiv.o(.text) for __aeabi_uldivmod
    printfa.o(i._printf_core) refers to printfa.o(i._printf_post_padding) for _printf_post_padding
    printfa.o(i._printf_core) refers to printfa.o(i._fp_digits) for _fp_digits
    printfa.o(i._printf_core) refers to uidiv.o(.text) for __aeabi_uidivmod
    printfa.o(i._printf_post_padding) refers (Special) to iusefp.o(.text) for __I$use$fp
    printfa.o(i._printf_pre_padding) refers (Special) to iusefp.o(.text) for __I$use$fp
    printfa.o(i._snputc) refers (Special) to iusefp.o(.text) for __I$use$fp
    printfa.o(i._sputc) refers (Special) to iusefp.o(.text) for __I$use$fp
    entry2.o(.ARM.Collect$$$$00000001) refers to entry2.o(.ARM.Collect$$$$00002712) for __lit__00000000
    entry2.o(.ARM.Collect$$$$00002712) refers to startup_stm32f401xx.o(STACK) for __initial_sp
    entry2.o(__vectab_stack_and_reset_area) refers to startup_stm32f401xx.o(STACK) for __initial_sp
    entry2.o(__vectab_stack_and_reset_area) refers to entry.o(.ARM.Collect$$$$00000000) for __main
    entry5.o(.ARM.Collect$$$$00000004) refers to init.o(.text) for __scatterload
    entry9a.o(.ARM.Collect$$$$0000000B) refers to main.o(.text) for main
    entry9b.o(.ARM.Collect$$$$0000000C) refers to main.o(.text) for main
    uldiv.o(.text) refers to llushr.o(.text) for __aeabi_llsr
    uldiv.o(.text) refers to llshl.o(.text) for __aeabi_llsl
    dadd.o(.text) refers to llshl.o(.text) for __aeabi_llsl
    dadd.o(.text) refers to llsshr.o(.text) for __aeabi_lasr
    dadd.o(.text) refers to depilogue.o(.text) for _double_epilogue
    dmul.o(.text) refers to depilogue.o(.text) for _double_epilogue
    ddiv.o(.text) refers to depilogue.o(.text) for _double_round
    dfixul.o(.text) refers to llushr.o(.text) for __aeabi_llsr
    dfixul.o(.text) refers to llshl.o(.text) for __aeabi_llsl
    init.o(.text) refers to entry5.o(.ARM.Collect$$$$00000004) for __main_after_scatterload
    depilogue.o(.text) refers to llshl.o(.text) for __aeabi_llsl
    depilogue.o(.text) refers to llushr.o(.text) for __aeabi_llsr


==============================================================================

Removing Unused input sections from the image.

    Removing main.o(.rev16_text), (4 bytes).
    Removing main.o(.revsh_text), (4 bytes).
    Removing misc.o(.rev16_text), (4 bytes).
    Removing misc.o(.revsh_text), (4 bytes).
    Removing stm32f4xx_gpio.o(.rev16_text), (4 bytes).
    Removing stm32f4xx_gpio.o(.revsh_text), (4 bytes).
    Removing stm32f4xx_rcc.o(.rev16_text), (4 bytes).
    Removing stm32f4xx_rcc.o(.revsh_text), (4 bytes).
    Removing stm32f4xx_tim.o(.rev16_text), (4 bytes).
    Removing stm32f4xx_tim.o(.revsh_text), (4 bytes).
    Removing stm32f4xx_usart.o(.rev16_text), (4 bytes).
    Removing stm32f4xx_usart.o(.revsh_text), (4 bytes).
    Removing system_stm32f4xx.o(.rev16_text), (4 bytes).
    Removing system_stm32f4xx.o(.revsh_text), (4 bytes).
    Removing startup_stm32f401xx.o(HEAP), (512 bytes).
    Removing com.o(.rev16_text), (4 bytes).
    Removing com.o(.revsh_text), (4 bytes).
    Removing led.o(.rev16_text), (4 bytes).
    Removing led.o(.revsh_text), (4 bytes).
    Removing encoder.o(.rev16_text), (4 bytes).
    Removing encoder.o(.revsh_text), (4 bytes).
    Removing gpt.o(.rev16_text), (4 bytes).
    Removing gpt.o(.revsh_text), (4 bytes).
    Removing motor.o(.rev16_text), (4 bytes).
    Removing motor.o(.revsh_text), (4 bytes).
    Removing pwm.o(.rev16_text), (4 bytes).
    Removing pwm.o(.revsh_text), (4 bytes).
    Removing dadd.o(.text), (334 bytes).
    Removing dmul.o(.text), (228 bytes).
    Removing ddiv.o(.text), (222 bytes).
    Removing dfixul.o(.text), (48 bytes).
    Removing cdrcmple.o(.text), (40 bytes).
    Removing depilogue.o(.text), (182 bytes).

33 unused section(s) (total 1670 bytes) removed from the image.

==============================================================================

Image Symbol Table

    Local Symbols

    Symbol Name                              Value     Ov Type        Size  Object(Section)

    ../clib/microlib/division.c              0x00000000   Number         0  uldiv.o ABSOLUTE
    ../clib/microlib/division.c              0x00000000   Number         0  uidiv.o ABSOLUTE
    ../clib/microlib/init/entry.s            0x00000000   Number         0  entry11a.o ABSOLUTE
    ../clib/microlib/init/entry.s            0x00000000   Number         0  entry2.o ABSOLUTE
    ../clib/microlib/init/entry.s            0x00000000   Number         0  entry8b.o ABSOLUTE
    ../clib/microlib/init/entry.s            0x00000000   Number         0  entry5.o ABSOLUTE
    ../clib/microlib/init/entry.s            0x00000000   Number         0  entry11b.o ABSOLUTE
    ../clib/microlib/init/entry.s            0x00000000   Number         0  entry9a.o ABSOLUTE
    ../clib/microlib/init/entry.s            0x00000000   Number         0  entry9b.o ABSOLUTE
    ../clib/microlib/init/entry.s            0x00000000   Number         0  entry.o ABSOLUTE
    ../clib/microlib/init/entry.s            0x00000000   Number         0  entry10a.o ABSOLUTE
    ../clib/microlib/init/entry.s            0x00000000   Number         0  entry10b.o ABSOLUTE
    ../clib/microlib/init/entry.s            0x00000000   Number         0  entry8a.o ABSOLUTE
    ../clib/microlib/init/entry.s            0x00000000   Number         0  entry7b.o ABSOLUTE
    ../clib/microlib/init/entry.s            0x00000000   Number         0  entry7a.o ABSOLUTE
    ../clib/microlib/longlong.c              0x00000000   Number         0  llshl.o ABSOLUTE
    ../clib/microlib/longlong.c              0x00000000   Number         0  llushr.o ABSOLUTE
    ../clib/microlib/longlong.c              0x00000000   Number         0  llsshr.o ABSOLUTE
    ../clib/microlib/printf/printf.c         0x00000000   Number         0  printf5.o ABSOLUTE
    ../clib/microlib/printf/printf.c         0x00000000   Number         0  printf4.o ABSOLUTE
    ../clib/microlib/printf/printf.c         0x00000000   Number         0  printf3.o ABSOLUTE
    ../clib/microlib/printf/printf.c         0x00000000   Number         0  printf1.o ABSOLUTE
    ../clib/microlib/printf/printf.c         0x00000000   Number         0  printf0.o ABSOLUTE
    ../clib/microlib/printf/printf.c         0x00000000   Number         0  printfa.o ABSOLUTE
    ../clib/microlib/printf/printf.c         0x00000000   Number         0  printfb.o ABSOLUTE
    ../clib/microlib/printf/printf.c         0x00000000   Number         0  printf2.o ABSOLUTE
    ../clib/microlib/printf/printf.c         0x00000000   Number         0  printf8.o ABSOLUTE
    ../clib/microlib/printf/printf.c         0x00000000   Number         0  printf7.o ABSOLUTE
    ../clib/microlib/printf/printf.c         0x00000000   Number         0  printf6.o ABSOLUTE
    ../clib/microlib/printf/stubs.s          0x00000000   Number         0  stubs.o ABSOLUTE
    ../clib/microlib/string/memcpy.c         0x00000000   Number         0  memcpya.o ABSOLUTE
    ../clib/microlib/string/memcpy.c         0x00000000   Number         0  memcpyb.o ABSOLUTE
    ../clib/microlib/string/memset.c         0x00000000   Number         0  memseta.o ABSOLUTE
    ../clib/microlib/stubs.s                 0x00000000   Number         0  iusefp.o ABSOLUTE
    ../fplib/microlib/fpadd.c                0x00000000   Number         0  dadd.o ABSOLUTE
    ../fplib/microlib/fpdiv.c                0x00000000   Number         0  ddiv.o ABSOLUTE
    ../fplib/microlib/fpepilogue.c           0x00000000   Number         0  depilogue.o ABSOLUTE
    ../fplib/microlib/fpfix.c                0x00000000   Number         0  dfixul.o ABSOLUTE
    ../fplib/microlib/fpmul.c                0x00000000   Number         0  dmul.o ABSOLUTE
    ..\Api\com.c                             0x00000000   Number         0  com.o ABSOLUTE
    ..\Api\encoder.c                         0x00000000   Number         0  encoder.o ABSOLUTE
    ..\Api\gpt.c                             0x00000000   Number         0  gpt.o ABSOLUTE
    ..\Api\led.c                             0x00000000   Number         0  led.o ABSOLUTE
    ..\Api\motor.c                           0x00000000   Number         0  motor.o ABSOLUTE
    ..\Api\pwm.c                             0x00000000   Number         0  pwm.o ABSOLUTE
    ..\App\main.c                            0x00000000   Number         0  main.o ABSOLUTE
    ..\App\retarget.c                        0x00000000   Number         0  retarget.o ABSOLUTE
    ..\CMSIS\Device\ST\STM32F4xx\Source\Templates\arm\startup_stm32f401xx.s 0x00000000   Number         0  startup_stm32f401xx.o ABSOLUTE
    ..\CMSIS\Device\ST\STM32F4xx\Source\Templates\system_stm32f4xx.c 0x00000000   Number         0  system_stm32f4xx.o ABSOLUTE
    ..\FreeRTOS\list.c                       0x00000000   Number         0  list.o ABSOLUTE
    ..\FreeRTOS\portable\MemMang\heap_2.c    0x00000000   Number         0  heap_2.o ABSOLUTE
    ..\FreeRTOS\portable\RVDS\ARM_CM4F\port.c 0x00000000   Number         0  port.o ABSOLUTE
    ..\FreeRTOS\queue.c                      0x00000000   Number         0  queue.o ABSOLUTE
    ..\FreeRTOS\tasks.c                      0x00000000   Number         0  tasks.o ABSOLUTE
    ..\FreeRTOS\timers.c                     0x00000000   Number         0  timers.o ABSOLUTE
    ..\STM32F4xx_StdPeriph_Driver\src\misc.c 0x00000000   Number         0  misc.o ABSOLUTE
    ..\STM32F4xx_StdPeriph_Driver\src\stm32f4xx_gpio.c 0x00000000   Number         0  stm32f4xx_gpio.o ABSOLUTE
    ..\STM32F4xx_StdPeriph_Driver\src\stm32f4xx_rcc.c 0x00000000   Number         0  stm32f4xx_rcc.o ABSOLUTE
    ..\STM32F4xx_StdPeriph_Driver\src\stm32f4xx_tim.c 0x00000000   Number         0  stm32f4xx_tim.o ABSOLUTE
    ..\STM32F4xx_StdPeriph_Driver\src\stm32f4xx_usart.c 0x00000000   Number         0  stm32f4xx_usart.o ABSOLUTE
    ..\\Api\\com.c                           0x00000000   Number         0  com.o ABSOLUTE
    ..\\Api\\encoder.c                       0x00000000   Number         0  encoder.o ABSOLUTE
    ..\\Api\\gpt.c                           0x00000000   Number         0  gpt.o ABSOLUTE
    ..\\Api\\led.c                           0x00000000   Number         0  led.o ABSOLUTE
    ..\\Api\\motor.c                         0x00000000   Number         0  motor.o ABSOLUTE
    ..\\Api\\pwm.c                           0x00000000   Number         0  pwm.o ABSOLUTE
    ..\\App\\main.c                          0x00000000   Number         0  main.o ABSOLUTE
    ..\\CMSIS\\Device\\ST\\STM32F4xx\\Source\\Templates\\system_stm32f4xx.c 0x00000000   Number         0  system_stm32f4xx.o ABSOLUTE
    ..\\FreeRTOS\\portable\\RVDS\\ARM_CM4F\\port.c 0x00000000   Number         0  port.o ABSOLUTE
    ..\\STM32F4xx_StdPeriph_Driver\\src\\misc.c 0x00000000   Number         0  misc.o ABSOLUTE
    ..\\STM32F4xx_StdPeriph_Driver\\src\\stm32f4xx_gpio.c 0x00000000   Number         0  stm32f4xx_gpio.o ABSOLUTE
    ..\\STM32F4xx_StdPeriph_Driver\\src\\stm32f4xx_rcc.c 0x00000000   Number         0  stm32f4xx_rcc.o ABSOLUTE
    ..\\STM32F4xx_StdPeriph_Driver\\src\\stm32f4xx_tim.c 0x00000000   Number         0  stm32f4xx_tim.o ABSOLUTE
    ..\\STM32F4xx_StdPeriph_Driver\\src\\stm32f4xx_usart.c 0x00000000   Number         0  stm32f4xx_usart.o ABSOLUTE
    cdrcmple.s                               0x00000000   Number         0  cdrcmple.o ABSOLUTE
    dc.s                                     0x00000000   Number         0  dc.o ABSOLUTE
    handlers.s                               0x00000000   Number         0  handlers.o ABSOLUTE
    init.s                                   0x00000000   Number         0  init.o ABSOLUTE
    RESET                                    0x08000000   Section      404  startup_stm32f401xx.o(RESET)
    .ARM.Collect$$$$00000000                 0x08000194   Section        0  entry.o(.ARM.Collect$$$$00000000)
    .ARM.Collect$$$$00000001                 0x08000194   Section        4  entry2.o(.ARM.Collect$$$$00000001)
    .ARM.Collect$$$$00000004                 0x08000198   Section        4  entry5.o(.ARM.Collect$$$$00000004)
    .ARM.Collect$$$$00000008                 0x0800019c   Section        0  entry7b.o(.ARM.Collect$$$$00000008)
    .ARM.Collect$$$$0000000A                 0x0800019c   Section        0  entry8b.o(.ARM.Collect$$$$0000000A)
    .ARM.Collect$$$$0000000B                 0x0800019c   Section        8  entry9a.o(.ARM.Collect$$$$0000000B)
    .ARM.Collect$$$$0000000D                 0x080001a4   Section        0  entry10a.o(.ARM.Collect$$$$0000000D)
    .ARM.Collect$$$$0000000F                 0x080001a4   Section        0  entry11a.o(.ARM.Collect$$$$0000000F)
    .ARM.Collect$$$$00002712                 0x080001a4   Section        4  entry2.o(.ARM.Collect$$$$00002712)
    __lit__00000000                          0x080001a4   Data           4  entry2.o(.ARM.Collect$$$$00002712)
    .emb_text                                0x080001a8   Section      194  port.o(.emb_text)
    $v0                                      0x080001a8   Number         0  port.o(.emb_text)
    .text                                    0x0800026a   Section        0  retarget.o(.text)
    .text                                    0x080002e8   Section        0  main.o(.text)
    .text                                    0x0800039c   Section        0  misc.o(.text)
    .text                                    0x0800047c   Section        0  stm32f4xx_gpio.o(.text)
    .text                                    0x08000710   Section        0  stm32f4xx_rcc.o(.text)
    .text                                    0x08000d6c   Section        0  stm32f4xx_tim.o(.text)
    TI4_Config                               0x0800150b   Thumb Code    80  stm32f4xx_tim.o(.text)
    TI3_Config                               0x0800156d   Thumb Code    72  stm32f4xx_tim.o(.text)
    TI2_Config                               0x080015cf   Thumb Code    90  stm32f4xx_tim.o(.text)
    TI1_Config                               0x0800163b   Thumb Code    58  stm32f4xx_tim.o(.text)
    .text                                    0x08001a10   Section        0  stm32f4xx_usart.o(.text)
    .text                                    0x08001e64   Section        0  system_stm32f4xx.o(.text)
    SetSysClock                              0x08001e65   Thumb Code   216  system_stm32f4xx.o(.text)
    .text                                    0x08002070   Section       36  startup_stm32f401xx.o(.text)
    $v0                                      0x08002070   Number         0  startup_stm32f401xx.o(.text)
    .text                                    0x08002094   Section        0  com.o(.text)
    .text                                    0x08002330   Section        0  led.o(.text)
    .text                                    0x0800237c   Section        0  encoder.o(.text)
    .text                                    0x08002550   Section        0  gpt.o(.text)
    .text                                    0x08002708   Section        0  motor.o(.text)
    .text                                    0x0800277c   Section        0  pwm.o(.text)
    .text                                    0x08002910   Section        0  list.o(.text)
    .text                                    0x080029a4   Section        0  queue.o(.text)
    prvUnlockQueue                           0x08002a79   Thumb Code   126  queue.o(.text)
    prvIsQueueFull                           0x08002af7   Thumb Code    30  queue.o(.text)
    prvCopyDataToQueue                       0x08002b15   Thumb Code   118  queue.o(.text)
    prvIsQueueEmpty                          0x08002d4f   Thumb Code    26  queue.o(.text)
    prvCopyDataFromQueue                     0x08002d69   Thumb Code    42  queue.o(.text)
    .text                                    0x0800325c   Section        0  tasks.o(.text)
    prvInitialiseTaskLists                   0x0800325d   Thumb Code    70  tasks.o(.text)
    prvInitialiseTCBVariables                0x080032a3   Thumb Code    86  tasks.o(.text)
    prvAllocateTCBAndStack                   0x080032f9   Thumb Code    58  tasks.o(.text)
    prvResetNextTaskUnblockTime              0x08003451   Thumb Code    42  tasks.o(.text)
    prvAddCurrentTaskToDelayedList           0x0800371f   Thumb Code    62  tasks.o(.text)
    prvTaskIsTaskSuspended                   0x08003a5b   Thumb Code   126  tasks.o(.text)
    prvDeleteTCB                             0x08003bbb   Thumb Code    18  tasks.o(.text)
    prvCheckTasksWaitingTermination          0x08003bcd   Thumb Code    86  tasks.o(.text)
    prvIdleTask                              0x08003c23   Thumb Code    24  tasks.o(.text)
    prvTaskCheckFreeStackSpace               0x08003cc9   Thumb Code    22  tasks.o(.text)
    prvListTaskWithinSingleList              0x08003cdf   Thumb Code   176  tasks.o(.text)
    .text                                    0x080041f4   Section        0  timers.o(.text)
    prvInsertTimerInActiveList               0x080041f5   Thumb Code    80  timers.o(.text)
    prvSwitchTimerLists                      0x080042ab   Thumb Code   136  timers.o(.text)
    prvSampleTimeNow                         0x08004333   Thumb Code    40  timers.o(.text)
    prvProcessReceivedCommands               0x0800435b   Thumb Code   216  timers.o(.text)
    prvProcessExpiredTimer                   0x08004433   Thumb Code    82  timers.o(.text)
    prvProcessTimerOrBlockTask               0x08004485   Thumb Code    70  timers.o(.text)
    prvGetNextExpireTime                     0x080044cb   Thumb Code    36  timers.o(.text)
    prvTimerTask                             0x080044ef   Thumb Code    26  timers.o(.text)
    prvCheckForValidListAndQueue             0x08004509   Thumb Code    86  timers.o(.text)
    .text                                    0x08004648   Section        0  port.o(.text)
    prvTaskExitError                         0x08004649   Thumb Code    32  port.o(.text)
    .text                                    0x08004844   Section        0  heap_2.o(.text)
    prvHeapInit                              0x08004845   Thumb Code    38  heap_2.o(.text)
    .text                                    0x08004970   Section        0  memcpya.o(.text)
    .text                                    0x08004994   Section        0  memseta.o(.text)
    .text                                    0x080049b8   Section        0  uidiv.o(.text)
    .text                                    0x080049e4   Section       36  init.o(.text)
    i.__0printf$1                            0x08004a08   Section        0  printf1.o(i.__0printf$1)
    i.__scatterload_copy                     0x08004a28   Section       14  handlers.o(i.__scatterload_copy)
    i.__scatterload_null                     0x08004a36   Section        2  handlers.o(i.__scatterload_null)
    i.__scatterload_zeroinit                 0x08004a38   Section       14  handlers.o(i.__scatterload_zeroinit)
    i._printf_core                           0x08004a48   Section        0  printf1.o(i._printf_core)
    _printf_core                             0x08004a49   Thumb Code   336  printf1.o(i._printf_core)
    .constdata                               0x08004b9c   Section      180  com.o(.constdata)
    hw_config                                0x08004b9c   Data         180  com.o(.constdata)
    .constdata                               0x08004c50   Section       36  encoder.o(.constdata)
    ENC_iParam                               0x08004c50   Data          36  encoder.o(.constdata)
    .constdata                               0x08004c74   Section       60  gpt.o(.constdata)
    GPT_iPinParam                            0x08004c74   Data          60  gpt.o(.constdata)
    .data                                    0x20000000   Section        8  retarget.o(.data)
    .data                                    0x20000008   Section       16  main.o(.data)
    .data                                    0x20000018   Section       16  stm32f4xx_rcc.o(.data)
    APBAHBPrescTable                         0x20000018   Data          16  stm32f4xx_rcc.o(.data)
    .data                                    0x20000028   Section       20  system_stm32f4xx.o(.data)
    .data                                    0x2000003c   Section        6  motor.o(.data)
    .data                                    0x20000044   Section       56  tasks.o(.data)
    pxDelayedTaskList                        0x20000048   Data           4  tasks.o(.data)
    pxOverflowDelayedTaskList                0x2000004c   Data           4  tasks.o(.data)
    uxTasksDeleted                           0x20000050   Data           4  tasks.o(.data)
    uxCurrentNumberOfTasks                   0x20000054   Data           4  tasks.o(.data)
    xTickCount                               0x20000058   Data           4  tasks.o(.data)
    uxTopReadyPriority                       0x2000005c   Data           4  tasks.o(.data)
    xSchedulerRunning                        0x20000060   Data           4  tasks.o(.data)
    uxPendedTicks                            0x20000064   Data           4  tasks.o(.data)
    xYieldPending                            0x20000068   Data           4  tasks.o(.data)
    xNumOfOverflows                          0x2000006c   Data           4  tasks.o(.data)
    uxTaskNumber                             0x20000070   Data           4  tasks.o(.data)
    xNextTaskUnblockTime                     0x20000074   Data           4  tasks.o(.data)
    uxSchedulerSuspended                     0x20000078   Data           4  tasks.o(.data)
    .data                                    0x2000007c   Section       16  timers.o(.data)
    pxCurrentTimerList                       0x2000007c   Data           4  timers.o(.data)
    pxOverflowTimerList                      0x20000080   Data           4  timers.o(.data)
    xTimerQueue                              0x20000084   Data           4  timers.o(.data)
    xLastTime                                0x20000088   Data           4  timers.o(.data)
    .data                                    0x2000008c   Section       12  port.o(.data)
    uxCriticalNesting                        0x2000008c   Data           4  port.o(.data)
    ucMaxSysCallPriority                     0x20000090   Data           1  port.o(.data)
    ulMaxPRIGROUPValue                       0x20000094   Data           4  port.o(.data)
    .data                                    0x20000098   Section       24  heap_2.o(.data)
    xStart                                   0x20000098   Data           8  heap_2.o(.data)
    xEnd                                     0x200000a0   Data           8  heap_2.o(.data)
    xFreeBytesRemaining                      0x200000a8   Data           4  heap_2.o(.data)
    xHeapHasBeenInitialised                  0x200000ac   Data           4  heap_2.o(.data)
    .bss                                     0x200000b0   Section       20  com.o(.bss)
    DataReceivedHandler                      0x200000b0   Data          20  com.o(.bss)
    .bss                                     0x200000c4   Section       20  encoder.o(.bss)
    .bss                                     0x200000d8   Section       64  queue.o(.bss)
    .bss                                     0x20000118   Section      740  tasks.o(.bss)
    pxReadyTasksLists                        0x20000118   Data         640  tasks.o(.bss)
    xDelayedTaskList1                        0x20000398   Data          20  tasks.o(.bss)
    xDelayedTaskList2                        0x200003ac   Data          20  tasks.o(.bss)
    xPendingReadyList                        0x200003c0   Data          20  tasks.o(.bss)
    xTasksWaitingTermination                 0x200003d4   Data          20  tasks.o(.bss)
    xSuspendedTaskList                       0x200003e8   Data          20  tasks.o(.bss)
    .bss                                     0x200003fc   Section       40  timers.o(.bss)
    xActiveTimerList1                        0x200003fc   Data          20  timers.o(.bss)
    xActiveTimerList2                        0x20000410   Data          20  timers.o(.bss)
    .bss                                     0x20000424   Section    76800  heap_2.o(.bss)
    ucHeap                                   0x20000424   Data       76800  heap_2.o(.bss)
    STACK                                    0x20013028   Section     1024  startup_stm32f401xx.o(STACK)

    Global Symbols

    Symbol Name                              Value     Ov Type        Size  Object(Section)

    BuildAttributes$$THM_ISAv4$E$P$D$K$B$S$7EM$VFPi3$EXTD16$VFPS$VFMA$PE$A:L22UL41UL21$X:L11$S22US41US21$IEEE1$IW$USESV6$~STKCKD$USESV7$~SHL$OSPACE$ROPI$EBA8$MICROLIB$REQ8$PRES8$EABIv2 0x00000000   Number         0  anon$$obj.o ABSOLUTE
    __ARM_use_no_argv                        0x00000000   Number         0  main.o ABSOLUTE
    _printf_a                                0x00000000   Number         0  stubs.o ABSOLUTE
    _printf_c                                0x00000000   Number         0  stubs.o ABSOLUTE
    _printf_charcount                        0x00000000   Number         0  stubs.o ABSOLUTE
    _printf_d                                0x00000000   Number         0  stubs.o ABSOLUTE
    _printf_e                                0x00000000   Number         0  stubs.o ABSOLUTE
    _printf_f                                0x00000000   Number         0  stubs.o ABSOLUTE
    _printf_flags                            0x00000000   Number         0  stubs.o ABSOLUTE
    _printf_fp_dec                           0x00000000   Number         0  stubs.o ABSOLUTE
    _printf_fp_hex                           0x00000000   Number         0  stubs.o ABSOLUTE
    _printf_g                                0x00000000   Number         0  stubs.o ABSOLUTE
    _printf_i                                0x00000000   Number         0  stubs.o ABSOLUTE
    _printf_int_dec                          0x00000000   Number         0  stubs.o ABSOLUTE
    _printf_l                                0x00000000   Number         0  stubs.o ABSOLUTE
    _printf_lc                               0x00000000   Number         0  stubs.o ABSOLUTE
    _printf_ll                               0x00000000   Number         0  stubs.o ABSOLUTE
    _printf_lld                              0x00000000   Number         0  stubs.o ABSOLUTE
    _printf_lli                              0x00000000   Number         0  stubs.o ABSOLUTE
    _printf_llo                              0x00000000   Number         0  stubs.o ABSOLUTE
    _printf_llu                              0x00000000   Number         0  stubs.o ABSOLUTE
    _printf_llx                              0x00000000   Number         0  stubs.o ABSOLUTE
    _printf_longlong_dec                     0x00000000   Number         0  stubs.o ABSOLUTE
    _printf_longlong_hex                     0x00000000   Number         0  stubs.o ABSOLUTE
    _printf_longlong_oct                     0x00000000   Number         0  stubs.o ABSOLUTE
    _printf_ls                               0x00000000   Number         0  stubs.o ABSOLUTE
    _printf_mbtowc                           0x00000000   Number         0  stubs.o ABSOLUTE
    _printf_n                                0x00000000   Number         0  stubs.o ABSOLUTE
    _printf_o                                0x00000000   Number         0  stubs.o ABSOLUTE
    _printf_p                                0x00000000   Number         0  stubs.o ABSOLUTE
    _printf_percent                          0x00000000   Number         0  stubs.o ABSOLUTE
    _printf_pre_padding                      0x00000000   Number         0  stubs.o ABSOLUTE
    _printf_return_value                     0x00000000   Number         0  stubs.o ABSOLUTE
    _printf_s                                0x00000000   Number         0  stubs.o ABSOLUTE
    _printf_sizespec                         0x00000000   Number         0  stubs.o ABSOLUTE
    _printf_str                              0x00000000   Number         0  stubs.o ABSOLUTE
    _printf_truncate_signed                  0x00000000   Number         0  stubs.o ABSOLUTE
    _printf_truncate_unsigned                0x00000000   Number         0  stubs.o ABSOLUTE
    _printf_u                                0x00000000   Number         0  stubs.o ABSOLUTE
    _printf_wc                               0x00000000   Number         0  stubs.o ABSOLUTE
    _printf_wctomb                           0x00000000   Number         0  stubs.o ABSOLUTE
    _printf_widthprec                        0x00000000   Number         0  stubs.o ABSOLUTE
    _printf_x                                0x00000000   Number         0  stubs.o ABSOLUTE
    __cpp_initialize__aeabi_                  - Undefined Weak Reference
    __cxa_finalize                            - Undefined Weak Reference
    __decompress                              - Undefined Weak Reference
    _clock_init                               - Undefined Weak Reference
    _microlib_exit                            - Undefined Weak Reference
    __Vectors_Size                           0x00000194   Number         0  startup_stm32f401xx.o ABSOLUTE
    __Vectors                                0x08000000   Data           4  startup_stm32f401xx.o(RESET)
    __Vectors_End                            0x08000194   Data           0  startup_stm32f401xx.o(RESET)
    __main                                   0x08000195   Thumb Code     0  entry.o(.ARM.Collect$$$$00000000)
    _main_stk                                0x08000195   Thumb Code     0  entry2.o(.ARM.Collect$$$$00000001)
    _main_scatterload                        0x08000199   Thumb Code     0  entry5.o(.ARM.Collect$$$$00000004)
    __main_after_scatterload                 0x0800019d   Thumb Code     0  entry5.o(.ARM.Collect$$$$00000004)
    _main_clock                              0x0800019d   Thumb Code     0  entry7b.o(.ARM.Collect$$$$00000008)
    _main_cpp_init                           0x0800019d   Thumb Code     0  entry8b.o(.ARM.Collect$$$$0000000A)
    _main_init                               0x0800019d   Thumb Code     0  entry9a.o(.ARM.Collect$$$$0000000B)
    __rt_final_cpp                           0x080001a5   Thumb Code     0  entry10a.o(.ARM.Collect$$$$0000000D)
    __rt_final_exit                          0x080001a5   Thumb Code     0  entry11a.o(.ARM.Collect$$$$0000000F)
    SVC_Handler                              0x080001a9   Thumb Code    28  port.o(.emb_text)
    __asm___6_port_c_39a90d8d__prvStartFirstTask 0x080001c9   Thumb Code    24  port.o(.emb_text)
    __asm___6_port_c_39a90d8d__prvEnableVFP  0x080001e5   Thumb Code    16  port.o(.emb_text)
    PendSV_Handler                           0x080001f9   Thumb Code    82  port.o(.emb_text)
    ulPortSetInterruptMask                   0x08000251   Thumb Code    14  port.o(.emb_text)
    vPortClearInterruptMask                  0x0800025f   Thumb Code     6  port.o(.emb_text)
    vPortGetIPSR                             0x08000265   Thumb Code     6  port.o(.emb_text)
    _read                                    0x0800026b   Thumb Code    36  retarget.o(.text)
    _write                                   0x0800028f   Thumb Code    36  retarget.o(.text)
    fputc                                    0x080002b3   Thumb Code    18  retarget.o(.text)
    fgetc                                    0x080002c5   Thumb Code    16  retarget.o(.text)
    _ttywrch                                 0x080002d5   Thumb Code    14  retarget.o(.text)
    _sys_exit                                0x080002e3   Thumb Code     4  retarget.o(.text)
    vTaskCode                                0x080002e9   Thumb Code    26  main.o(.text)
    main                                     0x08000303   Thumb Code   108  main.o(.text)
    vApplicationMallocFailedHook             0x0800036f   Thumb Code     4  main.o(.text)
    vApplicationStackOverflowHook            0x08000373   Thumb Code     4  main.o(.text)
    vApplicationIdleHook                     0x08000377   Thumb Code     2  main.o(.text)
    vApplicationTickHook                     0x08000379   Thumb Code     2  main.o(.text)
    NVIC_PriorityGroupConfig                 0x0800039d   Thumb Code    10  misc.o(.text)
    NVIC_Init                                0x080003a7   Thumb Code   106  misc.o(.text)
    NVIC_SetVectorTable                      0x08000411   Thumb Code    14  misc.o(.text)
    NVIC_SystemLPConfig                      0x0800041f   Thumb Code    34  misc.o(.text)
    SysTick_CLKSourceConfig                  0x08000441   Thumb Code    40  misc.o(.text)
    GPIO_DeInit                              0x0800047d   Thumb Code   268  stm32f4xx_gpio.o(.text)
    GPIO_Init                                0x08000589   Thumb Code   144  stm32f4xx_gpio.o(.text)
    GPIO_StructInit                          0x08000619   Thumb Code    18  stm32f4xx_gpio.o(.text)
    GPIO_PinLockConfig                       0x0800062b   Thumb Code    34  stm32f4xx_gpio.o(.text)
    GPIO_ReadInputDataBit                    0x0800064d   Thumb Code    18  stm32f4xx_gpio.o(.text)
    GPIO_ReadInputData                       0x0800065f   Thumb Code     8  stm32f4xx_gpio.o(.text)
    GPIO_ReadOutputDataBit                   0x08000667   Thumb Code    18  stm32f4xx_gpio.o(.text)
    GPIO_ReadOutputData                      0x08000679   Thumb Code     8  stm32f4xx_gpio.o(.text)
    GPIO_SetBits                             0x08000681   Thumb Code     4  stm32f4xx_gpio.o(.text)
    GPIO_ResetBits                           0x08000685   Thumb Code     4  stm32f4xx_gpio.o(.text)
    GPIO_WriteBit                            0x08000689   Thumb Code    10  stm32f4xx_gpio.o(.text)
    GPIO_Write                               0x08000693   Thumb Code     4  stm32f4xx_gpio.o(.text)
    GPIO_ToggleBits                          0x08000697   Thumb Code     8  stm32f4xx_gpio.o(.text)
    GPIO_PinAFConfig                         0x0800069f   Thumb Code    70  stm32f4xx_gpio.o(.text)
    RCC_DeInit                               0x08000711   Thumb Code    82  stm32f4xx_rcc.o(.text)
    RCC_HSEConfig                            0x08000763   Thumb Code    14  stm32f4xx_rcc.o(.text)
    RCC_GetFlagStatus                        0x08000771   Thumb Code    60  stm32f4xx_rcc.o(.text)
    RCC_WaitForHSEStartUp                    0x080007ad   Thumb Code    56  stm32f4xx_rcc.o(.text)
    RCC_AdjustHSICalibrationValue            0x080007e5   Thumb Code    20  stm32f4xx_rcc.o(.text)
    RCC_HSICmd                               0x080007f9   Thumb Code     6  stm32f4xx_rcc.o(.text)
    RCC_LSEConfig                            0x080007ff   Thumb Code    46  stm32f4xx_rcc.o(.text)
    RCC_LSICmd                               0x0800082d   Thumb Code     6  stm32f4xx_rcc.o(.text)
    RCC_PLLConfig                            0x08000833   Thumb Code    32  stm32f4xx_rcc.o(.text)
    RCC_PLLCmd                               0x08000853   Thumb Code     6  stm32f4xx_rcc.o(.text)
    RCC_PLLI2SConfig                         0x08000859   Thumb Code    14  stm32f4xx_rcc.o(.text)
    RCC_PLLI2SCmd                            0x08000867   Thumb Code     6  stm32f4xx_rcc.o(.text)
    RCC_PLLSAIConfig                         0x0800086d   Thumb Code    20  stm32f4xx_rcc.o(.text)
    RCC_PLLSAICmd                            0x08000881   Thumb Code     6  stm32f4xx_rcc.o(.text)
    RCC_ClockSecuritySystemCmd               0x08000887   Thumb Code     6  stm32f4xx_rcc.o(.text)
    RCC_MCO1Config                           0x0800088d   Thumb Code    28  stm32f4xx_rcc.o(.text)
    RCC_MCO2Config                           0x080008a9   Thumb Code    28  stm32f4xx_rcc.o(.text)
    RCC_SYSCLKConfig                         0x080008c5   Thumb Code    20  stm32f4xx_rcc.o(.text)
    RCC_GetSYSCLKSource                      0x080008d9   Thumb Code    12  stm32f4xx_rcc.o(.text)
    RCC_HCLKConfig                           0x080008e5   Thumb Code    20  stm32f4xx_rcc.o(.text)
    RCC_PCLK1Config                          0x080008f9   Thumb Code    20  stm32f4xx_rcc.o(.text)
    RCC_PCLK2Config                          0x0800090d   Thumb Code    22  stm32f4xx_rcc.o(.text)
    RCC_GetClocksFreq                        0x08000923   Thumb Code   222  stm32f4xx_rcc.o(.text)
    RCC_RTCCLKConfig                         0x08000a01   Thumb Code    54  stm32f4xx_rcc.o(.text)
    RCC_RTCCLKCmd                            0x08000a37   Thumb Code     8  stm32f4xx_rcc.o(.text)
    RCC_BackupResetCmd                       0x08000a3f   Thumb Code     8  stm32f4xx_rcc.o(.text)
    RCC_I2SCLKConfig                         0x08000a47   Thumb Code     6  stm32f4xx_rcc.o(.text)
    RCC_SAIPLLI2SClkDivConfig                0x08000a4d   Thumb Code    26  stm32f4xx_rcc.o(.text)
    RCC_SAIPLLSAIClkDivConfig                0x08000a67   Thumb Code    28  stm32f4xx_rcc.o(.text)
    RCC_SAIBlockACLKConfig                   0x08000a83   Thumb Code    20  stm32f4xx_rcc.o(.text)
    RCC_SAIBlockBCLKConfig                   0x08000a97   Thumb Code    20  stm32f4xx_rcc.o(.text)
    RCC_LTDCCLKDivConfig                     0x08000aab   Thumb Code    20  stm32f4xx_rcc.o(.text)
    RCC_TIMCLKPresConfig                     0x08000abf   Thumb Code     6  stm32f4xx_rcc.o(.text)
    RCC_AHB1PeriphClockCmd                   0x08000ac5   Thumb Code    34  stm32f4xx_rcc.o(.text)
    RCC_AHB2PeriphClockCmd                   0x08000ae7   Thumb Code    78  stm32f4xx_rcc.o(.text)
    RCC_AHB3PeriphClockCmd                   0x08000b35   Thumb Code    34  stm32f4xx_rcc.o(.text)
    RCC_APB1PeriphClockCmd                   0x08000b57   Thumb Code    34  stm32f4xx_rcc.o(.text)
    RCC_APB2PeriphClockCmd                   0x08000b79   Thumb Code    34  stm32f4xx_rcc.o(.text)
    RCC_AHB1PeriphResetCmd                   0x08000b9b   Thumb Code    34  stm32f4xx_rcc.o(.text)
    RCC_AHB2PeriphResetCmd                   0x08000bbd   Thumb Code    34  stm32f4xx_rcc.o(.text)
    RCC_AHB3PeriphResetCmd                   0x08000bdf   Thumb Code    34  stm32f4xx_rcc.o(.text)
    RCC_APB1PeriphResetCmd                   0x08000c01   Thumb Code    34  stm32f4xx_rcc.o(.text)
    RCC_APB2PeriphResetCmd                   0x08000c23   Thumb Code    34  stm32f4xx_rcc.o(.text)
    RCC_AHB1PeriphClockLPModeCmd             0x08000c45   Thumb Code    34  stm32f4xx_rcc.o(.text)
    RCC_AHB2PeriphClockLPModeCmd             0x08000c67   Thumb Code    34  stm32f4xx_rcc.o(.text)
    RCC_AHB3PeriphClockLPModeCmd             0x08000c89   Thumb Code    34  stm32f4xx_rcc.o(.text)
    RCC_APB1PeriphClockLPModeCmd             0x08000cab   Thumb Code    34  stm32f4xx_rcc.o(.text)
    RCC_APB2PeriphClockLPModeCmd             0x08000ccd   Thumb Code    34  stm32f4xx_rcc.o(.text)
    RCC_LSEModeConfig                        0x08000cef   Thumb Code    40  stm32f4xx_rcc.o(.text)
    RCC_ITConfig                             0x08000d17   Thumb Code    34  stm32f4xx_rcc.o(.text)
    RCC_ClearFlag                            0x08000d39   Thumb Code    18  stm32f4xx_rcc.o(.text)
    RCC_GetITStatus                          0x08000d4b   Thumb Code    22  stm32f4xx_rcc.o(.text)
    RCC_ClearITPendingBit                    0x08000d61   Thumb Code     8  stm32f4xx_rcc.o(.text)
    TIM_DeInit                               0x08000d6d   Thumb Code   346  stm32f4xx_tim.o(.text)
    TIM_TimeBaseInit                         0x08000ec7   Thumb Code   104  stm32f4xx_tim.o(.text)
    TIM_TimeBaseStructInit                   0x08000f2f   Thumb Code    18  stm32f4xx_tim.o(.text)
    TIM_PrescalerConfig                      0x08000f41   Thumb Code     6  stm32f4xx_tim.o(.text)
    TIM_CounterModeConfig                    0x08000f47   Thumb Code    18  stm32f4xx_tim.o(.text)
    TIM_SetCounter                           0x08000f59   Thumb Code     4  stm32f4xx_tim.o(.text)
    TIM_SetAutoreload                        0x08000f5d   Thumb Code     4  stm32f4xx_tim.o(.text)
    TIM_GetCounter                           0x08000f61   Thumb Code     6  stm32f4xx_tim.o(.text)
    TIM_GetPrescaler                         0x08000f67   Thumb Code     6  stm32f4xx_tim.o(.text)
    TIM_UpdateDisableConfig                  0x08000f6d   Thumb Code    24  stm32f4xx_tim.o(.text)
    TIM_UpdateRequestConfig                  0x08000f85   Thumb Code    24  stm32f4xx_tim.o(.text)
    TIM_ARRPreloadConfig                     0x08000f9d   Thumb Code    24  stm32f4xx_tim.o(.text)
    TIM_SelectOnePulseMode                   0x08000fb5   Thumb Code    18  stm32f4xx_tim.o(.text)
    TIM_SetClockDivision                     0x08000fc7   Thumb Code    18  stm32f4xx_tim.o(.text)
    TIM_Cmd                                  0x08000fd9   Thumb Code    24  stm32f4xx_tim.o(.text)
    TIM_OC1Init                              0x08000ff1   Thumb Code   114  stm32f4xx_tim.o(.text)
    TIM_OC2Init                              0x08001063   Thumb Code   154  stm32f4xx_tim.o(.text)
    TIM_OC3Init                              0x080010fd   Thumb Code   204  stm32f4xx_tim.o(.text)
    TIM_OC4Init                              0x080011c9   Thumb Code   112  stm32f4xx_tim.o(.text)
    TIM_OCStructInit                         0x08001239   Thumb Code    20  stm32f4xx_tim.o(.text)
    TIM_SelectOCxM                           0x0800124d   Thumb Code    86  stm32f4xx_tim.o(.text)
    TIM_SetCompare1                          0x080012a3   Thumb Code     4  stm32f4xx_tim.o(.text)
    TIM_SetCompare2                          0x080012a7   Thumb Code     4  stm32f4xx_tim.o(.text)
    TIM_SetCompare3                          0x080012ab   Thumb Code     4  stm32f4xx_tim.o(.text)
    TIM_SetCompare4                          0x080012af   Thumb Code     4  stm32f4xx_tim.o(.text)
    TIM_ForcedOC1Config                      0x080012b3   Thumb Code    18  stm32f4xx_tim.o(.text)
    TIM_ForcedOC2Config                      0x080012c5   Thumb Code    26  stm32f4xx_tim.o(.text)
    TIM_ForcedOC3Config                      0x080012df   Thumb Code    18  stm32f4xx_tim.o(.text)
    TIM_ForcedOC4Config                      0x080012f1   Thumb Code    26  stm32f4xx_tim.o(.text)
    TIM_OC1PreloadConfig                     0x0800130b   Thumb Code    18  stm32f4xx_tim.o(.text)
    TIM_OC2PreloadConfig                     0x0800131d   Thumb Code    26  stm32f4xx_tim.o(.text)
    TIM_OC3PreloadConfig                     0x08001337   Thumb Code    18  stm32f4xx_tim.o(.text)
    TIM_OC4PreloadConfig                     0x08001349   Thumb Code    26  stm32f4xx_tim.o(.text)
    TIM_OC1FastConfig                        0x08001363   Thumb Code    18  stm32f4xx_tim.o(.text)
    TIM_OC2FastConfig                        0x08001375   Thumb Code    26  stm32f4xx_tim.o(.text)
    TIM_OC3FastConfig                        0x0800138f   Thumb Code    18  stm32f4xx_tim.o(.text)
    TIM_OC4FastConfig                        0x080013a1   Thumb Code    26  stm32f4xx_tim.o(.text)
    TIM_ClearOC1Ref                          0x080013bb   Thumb Code    18  stm32f4xx_tim.o(.text)
    TIM_ClearOC2Ref                          0x080013cd   Thumb Code    24  stm32f4xx_tim.o(.text)
    TIM_ClearOC3Ref                          0x080013e5   Thumb Code    18  stm32f4xx_tim.o(.text)
    TIM_ClearOC4Ref                          0x080013f7   Thumb Code    24  stm32f4xx_tim.o(.text)
    TIM_OC1PolarityConfig                    0x0800140f   Thumb Code    18  stm32f4xx_tim.o(.text)
    TIM_OC1NPolarityConfig                   0x08001421   Thumb Code    18  stm32f4xx_tim.o(.text)
    TIM_OC2PolarityConfig                    0x08001433   Thumb Code    26  stm32f4xx_tim.o(.text)
    TIM_OC2NPolarityConfig                   0x0800144d   Thumb Code    26  stm32f4xx_tim.o(.text)
    TIM_OC3PolarityConfig                    0x08001467   Thumb Code    26  stm32f4xx_tim.o(.text)
    TIM_OC3NPolarityConfig                   0x08001481   Thumb Code    26  stm32f4xx_tim.o(.text)
    TIM_OC4PolarityConfig                    0x0800149b   Thumb Code    26  stm32f4xx_tim.o(.text)
    TIM_CCxCmd                               0x080014b5   Thumb Code    30  stm32f4xx_tim.o(.text)
    TIM_CCxNCmd                              0x080014d3   Thumb Code    30  stm32f4xx_tim.o(.text)
    TIM_SetIC4Prescaler                      0x080014f1   Thumb Code    26  stm32f4xx_tim.o(.text)
    TIM_SetIC3Prescaler                      0x0800155b   Thumb Code    18  stm32f4xx_tim.o(.text)
    TIM_SetIC2Prescaler                      0x080015b5   Thumb Code    26  stm32f4xx_tim.o(.text)
    TIM_SetIC1Prescaler                      0x08001629   Thumb Code    18  stm32f4xx_tim.o(.text)
    TIM_ICInit                               0x08001675   Thumb Code   110  stm32f4xx_tim.o(.text)
    TIM_ICStructInit                         0x080016e3   Thumb Code    18  stm32f4xx_tim.o(.text)
    TIM_PWMIConfig                           0x080016f5   Thumb Code   124  stm32f4xx_tim.o(.text)
    TIM_GetCapture1                          0x08001771   Thumb Code     6  stm32f4xx_tim.o(.text)
    TIM_GetCapture2                          0x08001777   Thumb Code     6  stm32f4xx_tim.o(.text)
    TIM_GetCapture3                          0x0800177d   Thumb Code     6  stm32f4xx_tim.o(.text)
    TIM_GetCapture4                          0x08001783   Thumb Code     6  stm32f4xx_tim.o(.text)
    TIM_BDTRConfig                           0x08001789   Thumb Code    32  stm32f4xx_tim.o(.text)
    TIM_BDTRStructInit                       0x080017a9   Thumb Code    18  stm32f4xx_tim.o(.text)
    TIM_CtrlPWMOutputs                       0x080017bb   Thumb Code    30  stm32f4xx_tim.o(.text)
    TIM_SelectCOM                            0x080017d9   Thumb Code    24  stm32f4xx_tim.o(.text)
    TIM_CCPreloadControl                     0x080017f1   Thumb Code    24  stm32f4xx_tim.o(.text)
    TIM_ITConfig                             0x08001809   Thumb Code    18  stm32f4xx_tim.o(.text)
    TIM_GenerateEvent                        0x0800181b   Thumb Code     4  stm32f4xx_tim.o(.text)
    TIM_GetFlagStatus                        0x0800181f   Thumb Code    18  stm32f4xx_tim.o(.text)
    TIM_ClearFlag                            0x08001831   Thumb Code     6  stm32f4xx_tim.o(.text)
    TIM_GetITStatus                          0x08001837   Thumb Code    34  stm32f4xx_tim.o(.text)
    TIM_ClearITPendingBit                    0x08001859   Thumb Code     6  stm32f4xx_tim.o(.text)
    TIM_DMAConfig                            0x0800185f   Thumb Code    10  stm32f4xx_tim.o(.text)
    TIM_DMACmd                               0x08001869   Thumb Code    18  stm32f4xx_tim.o(.text)
    TIM_SelectCCDMA                          0x0800187b   Thumb Code    24  stm32f4xx_tim.o(.text)
    TIM_InternalClockConfig                  0x08001893   Thumb Code    12  stm32f4xx_tim.o(.text)
    TIM_SelectInputTrigger                   0x0800189f   Thumb Code    18  stm32f4xx_tim.o(.text)
    TIM_ITRxExternalClockConfig              0x080018b1   Thumb Code    24  stm32f4xx_tim.o(.text)
    TIM_TIxExternalClockConfig               0x080018c9   Thumb Code    62  stm32f4xx_tim.o(.text)
    TIM_ETRConfig                            0x08001907   Thumb Code    28  stm32f4xx_tim.o(.text)
    TIM_ETRClockMode1Config                  0x08001923   Thumb Code    54  stm32f4xx_tim.o(.text)
    TIM_ETRClockMode2Config                  0x08001959   Thumb Code    32  stm32f4xx_tim.o(.text)
    TIM_SelectOutputTrigger                  0x08001979   Thumb Code    18  stm32f4xx_tim.o(.text)
    TIM_SelectSlaveMode                      0x0800198b   Thumb Code    18  stm32f4xx_tim.o(.text)
    TIM_SelectMasterSlaveMode                0x0800199d   Thumb Code    18  stm32f4xx_tim.o(.text)
    TIM_EncoderInterfaceConfig               0x080019af   Thumb Code    66  stm32f4xx_tim.o(.text)
    TIM_SelectHallSensor                     0x080019f1   Thumb Code    24  stm32f4xx_tim.o(.text)
    TIM_RemapConfig                          0x08001a09   Thumb Code     6  stm32f4xx_tim.o(.text)
    USART_DeInit                             0x08001a11   Thumb Code   206  stm32f4xx_usart.o(.text)
    USART_Init                               0x08001adf   Thumb Code   204  stm32f4xx_usart.o(.text)
    USART_StructInit                         0x08001bab   Thumb Code    24  stm32f4xx_usart.o(.text)
    USART_ClockInit                          0x08001bc3   Thumb Code    32  stm32f4xx_usart.o(.text)
    USART_ClockStructInit                    0x08001be3   Thumb Code    12  stm32f4xx_usart.o(.text)
    USART_Cmd                                0x08001bef   Thumb Code    24  stm32f4xx_usart.o(.text)
    USART_SetPrescaler                       0x08001c07   Thumb Code    16  stm32f4xx_usart.o(.text)
    USART_OverSampling8Cmd                   0x08001c17   Thumb Code    22  stm32f4xx_usart.o(.text)
    USART_OneBitMethodCmd                    0x08001c2d   Thumb Code    24  stm32f4xx_usart.o(.text)
    USART_SendData                           0x08001c45   Thumb Code     8  stm32f4xx_usart.o(.text)
    USART_ReceiveData                        0x08001c4d   Thumb Code    10  stm32f4xx_usart.o(.text)
    USART_SetAddress                         0x08001c57   Thumb Code    18  stm32f4xx_usart.o(.text)
    USART_ReceiverWakeUpCmd                  0x08001c69   Thumb Code    24  stm32f4xx_usart.o(.text)
    USART_WakeUpConfig                       0x08001c81   Thumb Code    18  stm32f4xx_usart.o(.text)
    USART_LINBreakDetectLengthConfig         0x08001c93   Thumb Code    18  stm32f4xx_usart.o(.text)
    USART_LINCmd                             0x08001ca5   Thumb Code    24  stm32f4xx_usart.o(.text)
    USART_SendBreak                          0x08001cbd   Thumb Code    10  stm32f4xx_usart.o(.text)
    USART_HalfDuplexCmd                      0x08001cc7   Thumb Code    24  stm32f4xx_usart.o(.text)
    USART_SetGuardTime                       0x08001cdf   Thumb Code    16  stm32f4xx_usart.o(.text)
    USART_SmartCardCmd                       0x08001cef   Thumb Code    24  stm32f4xx_usart.o(.text)
    USART_SmartCardNACKCmd                   0x08001d07   Thumb Code    24  stm32f4xx_usart.o(.text)
    USART_IrDAConfig                         0x08001d1f   Thumb Code    18  stm32f4xx_usart.o(.text)
    USART_IrDACmd                            0x08001d31   Thumb Code    24  stm32f4xx_usart.o(.text)
    USART_DMACmd                             0x08001d49   Thumb Code    18  stm32f4xx_usart.o(.text)
    USART_ITConfig                           0x08001d5b   Thumb Code    74  stm32f4xx_usart.o(.text)
    USART_GetFlagStatus                      0x08001da5   Thumb Code    26  stm32f4xx_usart.o(.text)
    USART_ClearFlag                          0x08001dbf   Thumb Code    18  stm32f4xx_usart.o(.text)
    USART_GetITStatus                        0x08001dd1   Thumb Code   118  stm32f4xx_usart.o(.text)
    USART_ClearITPendingBit                  0x08001e47   Thumb Code    30  stm32f4xx_usart.o(.text)
    SystemInit                               0x08001f3d   Thumb Code    88  system_stm32f4xx.o(.text)
    SystemCoreClockUpdate                    0x08001f95   Thumb Code   174  system_stm32f4xx.o(.text)
    Reset_Handler                            0x08002071   Thumb Code     8  startup_stm32f401xx.o(.text)
    NMI_Handler                              0x08002079   Thumb Code     2  startup_stm32f401xx.o(.text)
    HardFault_Handler                        0x0800207b   Thumb Code     2  startup_stm32f401xx.o(.text)
    MemManage_Handler                        0x0800207d   Thumb Code     2  startup_stm32f401xx.o(.text)
    BusFault_Handler                         0x0800207f   Thumb Code     2  startup_stm32f401xx.o(.text)
    UsageFault_Handler                       0x08002081   Thumb Code     2  startup_stm32f401xx.o(.text)
    DebugMon_Handler                         0x08002085   Thumb Code     2  startup_stm32f401xx.o(.text)
    ADC_IRQHandler                           0x0800208b   Thumb Code     0  startup_stm32f401xx.o(.text)
    DMA1_Stream0_IRQHandler                  0x0800208b   Thumb Code     0  startup_stm32f401xx.o(.text)
    DMA1_Stream1_IRQHandler                  0x0800208b   Thumb Code     0  startup_stm32f401xx.o(.text)
    DMA1_Stream2_IRQHandler                  0x0800208b   Thumb Code     0  startup_stm32f401xx.o(.text)
    DMA1_Stream3_IRQHandler                  0x0800208b   Thumb Code     0  startup_stm32f401xx.o(.text)
    DMA1_Stream4_IRQHandler                  0x0800208b   Thumb Code     0  startup_stm32f401xx.o(.text)
    DMA1_Stream5_IRQHandler                  0x0800208b   Thumb Code     0  startup_stm32f401xx.o(.text)
    DMA1_Stream6_IRQHandler                  0x0800208b   Thumb Code     0  startup_stm32f401xx.o(.text)
    DMA1_Stream7_IRQHandler                  0x0800208b   Thumb Code     0  startup_stm32f401xx.o(.text)
    DMA2_Stream0_IRQHandler                  0x0800208b   Thumb Code     0  startup_stm32f401xx.o(.text)
    DMA2_Stream1_IRQHandler                  0x0800208b   Thumb Code     0  startup_stm32f401xx.o(.text)
    DMA2_Stream2_IRQHandler                  0x0800208b   Thumb Code     0  startup_stm32f401xx.o(.text)
    DMA2_Stream3_IRQHandler                  0x0800208b   Thumb Code     0  startup_stm32f401xx.o(.text)
    DMA2_Stream4_IRQHandler                  0x0800208b   Thumb Code     0  startup_stm32f401xx.o(.text)
    DMA2_Stream5_IRQHandler                  0x0800208b   Thumb Code     0  startup_stm32f401xx.o(.text)
    DMA2_Stream6_IRQHandler                  0x0800208b   Thumb Code     0  startup_stm32f401xx.o(.text)
    DMA2_Stream7_IRQHandler                  0x0800208b   Thumb Code     0  startup_stm32f401xx.o(.text)
    EXTI0_IRQHandler                         0x0800208b   Thumb Code     0  startup_stm32f401xx.o(.text)
    EXTI15_10_IRQHandler                     0x0800208b   Thumb Code     0  startup_stm32f401xx.o(.text)
    EXTI1_IRQHandler                         0x0800208b   Thumb Code     0  startup_stm32f401xx.o(.text)
    EXTI2_IRQHandler                         0x0800208b   Thumb Code     0  startup_stm32f401xx.o(.text)
    EXTI3_IRQHandler                         0x0800208b   Thumb Code     0  startup_stm32f401xx.o(.text)
    EXTI4_IRQHandler                         0x0800208b   Thumb Code     0  startup_stm32f401xx.o(.text)
    EXTI9_5_IRQHandler                       0x0800208b   Thumb Code     0  startup_stm32f401xx.o(.text)
    FLASH_IRQHandler                         0x0800208b   Thumb Code     0  startup_stm32f401xx.o(.text)
    FPU_IRQHandler                           0x0800208b   Thumb Code     0  startup_stm32f401xx.o(.text)
    I2C1_ER_IRQHandler                       0x0800208b   Thumb Code     0  startup_stm32f401xx.o(.text)
    I2C1_EV_IRQHandler                       0x0800208b   Thumb Code     0  startup_stm32f401xx.o(.text)
    I2C2_ER_IRQHandler                       0x0800208b   Thumb Code     0  startup_stm32f401xx.o(.text)
    I2C2_EV_IRQHandler                       0x0800208b   Thumb Code     0  startup_stm32f401xx.o(.text)
    I2C3_ER_IRQHandler                       0x0800208b   Thumb Code     0  startup_stm32f401xx.o(.text)
    I2C3_EV_IRQHandler                       0x0800208b   Thumb Code     0  startup_stm32f401xx.o(.text)
    OTG_FS_IRQHandler                        0x0800208b   Thumb Code     0  startup_stm32f401xx.o(.text)
    OTG_FS_WKUP_IRQHandler                   0x0800208b   Thumb Code     0  startup_stm32f401xx.o(.text)
    PVD_IRQHandler                           0x0800208b   Thumb Code     0  startup_stm32f401xx.o(.text)
    RCC_IRQHandler                           0x0800208b   Thumb Code     0  startup_stm32f401xx.o(.text)
    RTC_Alarm_IRQHandler                     0x0800208b   Thumb Code     0  startup_stm32f401xx.o(.text)
    RTC_WKUP_IRQHandler                      0x0800208b   Thumb Code     0  startup_stm32f401xx.o(.text)
    SDIO_IRQHandler                          0x0800208b   Thumb Code     0  startup_stm32f401xx.o(.text)
    SPI1_IRQHandler                          0x0800208b   Thumb Code     0  startup_stm32f401xx.o(.text)
    SPI2_IRQHandler                          0x0800208b   Thumb Code     0  startup_stm32f401xx.o(.text)
    SPI3_IRQHandler                          0x0800208b   Thumb Code     0  startup_stm32f401xx.o(.text)
    SPI4_IRQHandler                          0x0800208b   Thumb Code     0  startup_stm32f401xx.o(.text)
    TAMP_STAMP_IRQHandler                    0x0800208b   Thumb Code     0  startup_stm32f401xx.o(.text)
    TIM1_BRK_TIM9_IRQHandler                 0x0800208b   Thumb Code     0  startup_stm32f401xx.o(.text)
    TIM1_CC_IRQHandler                       0x0800208b   Thumb Code     0  startup_stm32f401xx.o(.text)
    TIM1_TRG_COM_TIM11_IRQHandler            0x0800208b   Thumb Code     0  startup_stm32f401xx.o(.text)
    TIM1_UP_TIM10_IRQHandler                 0x0800208b   Thumb Code     0  startup_stm32f401xx.o(.text)
    TIM2_IRQHandler                          0x0800208b   Thumb Code     0  startup_stm32f401xx.o(.text)
    TIM3_IRQHandler                          0x0800208b   Thumb Code     0  startup_stm32f401xx.o(.text)
    TIM4_IRQHandler                          0x0800208b   Thumb Code     0  startup_stm32f401xx.o(.text)
    TIM5_IRQHandler                          0x0800208b   Thumb Code     0  startup_stm32f401xx.o(.text)
    USART6_IRQHandler                        0x0800208b   Thumb Code     0  startup_stm32f401xx.o(.text)
    WWDG_IRQHandler                          0x0800208b   Thumb Code     0  startup_stm32f401xx.o(.text)
    COM_WriteByte                            0x08002095   Thumb Code    52  com.o(.text)
    COM_Init                                 0x080020c9   Thumb Code   348  com.o(.text)
    COM_ReadByte                             0x08002225   Thumb Code    20  com.o(.text)
    USART1_IRQHandler                        0x08002239   Thumb Code    28  com.o(.text)
    USART2_IRQHandler                        0x08002255   Thumb Code    28  com.o(.text)
    USART3_IRQHandler                        0x08002271   Thumb Code    28  com.o(.text)
    UART4_IRQHandler                         0x0800228d   Thumb Code    28  com.o(.text)
    UART5_IRQHandler                         0x080022a9   Thumb Code    28  com.o(.text)
    COM_HardwareInterruptEnabled             0x080022c5   Thumb Code    56  com.o(.text)
    COM_HardwareInterruptDisabled            0x080022fd   Thumb Code    34  com.o(.text)
    LED_Init                                 0x08002331   Thumb Code    48  led.o(.text)
    LED_On                                   0x08002361   Thumb Code    12  led.o(.text)
    LED_Off                                  0x0800236d   Thumb Code    12  led.o(.text)
    Encoder_Init                             0x0800237d   Thumb Code   296  encoder.o(.text)
    ENC_GetCounter                           0x080024a5   Thumb Code    20  encoder.o(.text)
    Encoder_GetDir                           0x080024b9   Thumb Code    28  encoder.o(.text)
    Encoder_GetVal                           0x080024d5   Thumb Code   114  encoder.o(.text)
    GPT_Init                                 0x08002551   Thumb Code   286  gpt.o(.text)
    GPT_ReadStatus                           0x0800266f   Thumb Code    62  gpt.o(.text)
    GPT_SetStatus                            0x080026ad   Thumb Code    86  gpt.o(.text)
    motor_SetDir                             0x08002709   Thumb Code    60  motor.o(.text)
    motor_Stop                               0x08002745   Thumb Code    28  motor.o(.text)
    motor_Init                               0x08002761   Thumb Code    24  motor.o(.text)
    PWM_Init                                 0x0800277d   Thumb Code   284  pwm.o(.text)
    PWM_SetDutyCycle                         0x08002899   Thumb Code    76  pwm.o(.text)
    PWM_Start                                0x080028e5   Thumb Code    14  pwm.o(.text)
    PWM_Stop                                 0x080028f3   Thumb Code    14  pwm.o(.text)
    vListInitialise                          0x08002911   Thumb Code    26  list.o(.text)
    vListInitialiseItem                      0x0800292b   Thumb Code     6  list.o(.text)
    vListInsertEnd                           0x08002931   Thumb Code    24  list.o(.text)
    vListInsert                              0x08002949   Thumb Code    52  list.o(.text)
    uxListRemove                             0x0800297d   Thumb Code    40  list.o(.text)
    xQueueGenericReset                       0x080029a5   Thumb Code   120  queue.o(.text)
    xQueueGenericCreate                      0x08002a1d   Thumb Code    92  queue.o(.text)
    xQueueGenericSend                        0x08002b8b   Thumb Code   308  queue.o(.text)
    xQueueCreateMutex                        0x08002cbf   Thumb Code    86  queue.o(.text)
    xQueueGiveMutexRecursive                 0x08002d15   Thumb Code    58  queue.o(.text)
    xQueueGenericReceive                     0x08002d93   Thumb Code   346  queue.o(.text)
    xQueueTakeMutexRecursive                 0x08002eed   Thumb Code    70  queue.o(.text)
    xQueueCreateCountingSemaphore            0x08002f33   Thumb Code    74  queue.o(.text)
    xQueueGenericSendFromISR                 0x08002f7d   Thumb Code   172  queue.o(.text)
    xQueueReceiveFromISR                     0x08003029   Thumb Code   136  queue.o(.text)
    xQueuePeekFromISR                        0x080030b1   Thumb Code    90  queue.o(.text)
    uxQueueMessagesWaiting                   0x0800310b   Thumb Code    28  queue.o(.text)
    uxQueueSpacesAvailable                   0x08003127   Thumb Code    34  queue.o(.text)
    uxQueueMessagesWaitingFromISR            0x08003149   Thumb Code    20  queue.o(.text)
    vQueueUnregisterQueue                    0x0800315d   Thumb Code    38  queue.o(.text)
    vQueueDelete                             0x08003183   Thumb Code    40  queue.o(.text)
    uxQueueGetQueueNumber                    0x080031ab   Thumb Code     6  queue.o(.text)
    vQueueSetQueueNumber                     0x080031b1   Thumb Code     4  queue.o(.text)
    ucQueueGetQueueType                      0x080031b5   Thumb Code     8  queue.o(.text)
    xQueueIsQueueEmptyFromISR                0x080031bd   Thumb Code    28  queue.o(.text)
    xQueueIsQueueFullFromISR                 0x080031d9   Thumb Code    32  queue.o(.text)
    vQueueAddToRegistry                      0x080031f9   Thumb Code    38  queue.o(.text)
    vQueueWaitForMessageRestricted           0x0800321f   Thumb Code    58  queue.o(.text)
    xTaskGenericCreate                       0x08003333   Thumb Code   286  tasks.o(.text)
    vTaskDelete                              0x0800347b   Thumb Code   126  tasks.o(.text)
    xTaskIncrementTick                       0x080034f9   Thumb Code   270  tasks.o(.text)
    xTaskResumeAll                           0x08003607   Thumb Code   280  tasks.o(.text)
    vTaskSuspendAll                          0x0800375d   Thumb Code    12  tasks.o(.text)
    vTaskDelayUntil                          0x08003769   Thumb Code   152  tasks.o(.text)
    vTaskDelay                               0x08003801   Thumb Code    70  tasks.o(.text)
    uxTaskPriorityGet                        0x08003847   Thumb Code    30  tasks.o(.text)
    vTaskPrioritySet                         0x08003865   Thumb Code   214  tasks.o(.text)
    vTaskSwitchContext                       0x0800393b   Thumb Code   150  tasks.o(.text)
    vTaskSuspend                             0x080039d1   Thumb Code   138  tasks.o(.text)
    vTaskResume                              0x08003ad9   Thumb Code   102  tasks.o(.text)
    xTaskResumeFromISR                       0x08003b3f   Thumb Code   124  tasks.o(.text)
    vTaskStartScheduler                      0x08003c3b   Thumb Code    74  tasks.o(.text)
    vTaskEndScheduler                        0x08003c85   Thumb Code    18  tasks.o(.text)
    xTaskGetTickCount                        0x08003c97   Thumb Code    18  tasks.o(.text)
    xTaskGetTickCountFromISR                 0x08003ca9   Thumb Code    26  tasks.o(.text)
    uxTaskGetNumberOfTasks                   0x08003cc3   Thumb Code     6  tasks.o(.text)
    uxTaskGetSystemState                     0x08003d8f   Thumb Code   132  tasks.o(.text)
    vTaskPlaceOnEventList                    0x08003e13   Thumb Code    70  tasks.o(.text)
    vTaskPlaceOnUnorderedEventList           0x08003e59   Thumb Code   172  tasks.o(.text)
    vTaskPlaceOnEventListRestricted          0x08003f05   Thumb Code    52  tasks.o(.text)
    xTaskRemoveFromEventList                 0x08003f39   Thumb Code   112  tasks.o(.text)
    xTaskRemoveFromUnorderedEventList        0x08003fa9   Thumb Code   124  tasks.o(.text)
    vTaskSetTimeOutState                     0x08004025   Thumb Code    28  tasks.o(.text)
    xTaskCheckForTimeOut                     0x08004041   Thumb Code   108  tasks.o(.text)
    vTaskMissedYield                         0x080040ad   Thumb Code     8  tasks.o(.text)
    uxTaskGetTaskNumber                      0x080040b5   Thumb Code    14  tasks.o(.text)
    vTaskSetTaskNumber                       0x080040c3   Thumb Code     8  tasks.o(.text)
    xTaskGetCurrentTaskHandle                0x080040cb   Thumb Code     6  tasks.o(.text)
    xTaskGetSchedulerState                   0x080040d1   Thumb Code    24  tasks.o(.text)
    vTaskPriorityInherit                     0x080040e9   Thumb Code   128  tasks.o(.text)
    vTaskPriorityDisinherit                  0x08004169   Thumb Code    78  tasks.o(.text)
    uxTaskResetEventItemValue                0x080041b7   Thumb Code    24  tasks.o(.text)
    xTimerGenericCommand                     0x08004245   Thumb Code   102  timers.o(.text)
    xTimerCreateTimerTask                    0x0800455f   Thumb Code    58  timers.o(.text)
    xTimerCreate                             0x08004599   Thumb Code    80  timers.o(.text)
    pcTimerGetTimerName                      0x080045e9   Thumb Code     8  timers.o(.text)
    xTimerIsTimerActive                      0x080045f1   Thumb Code    78  timers.o(.text)
    pvTimerGetTimerID                        0x0800463f   Thumb Code     8  timers.o(.text)
    pxPortInitialiseStack                    0x08004669   Thumb Code    34  port.o(.text)
    vPortSetupTimerInterrupt                 0x0800468b   Thumb Code    26  port.o(.text)
    xPortStartScheduler                      0x080046a5   Thumb Code   156  port.o(.text)
    vPortEndScheduler                        0x08004741   Thumb Code    30  port.o(.text)
    vPortYield                               0x0800475f   Thumb Code    20  port.o(.text)
    vPortEnterCritical                       0x08004773   Thumb Code    26  port.o(.text)
    vPortExitCritical                        0x0800478d   Thumb Code    40  port.o(.text)
    SysTick_Handler                          0x080047b5   Thumb Code    30  port.o(.text)
    vPortValidateInterruptPriority           0x080047d3   Thumb Code    80  port.o(.text)
    pvPortMalloc                             0x0800486b   Thumb Code   174  heap_2.o(.text)
    vPortFree                                0x08004919   Thumb Code    56  heap_2.o(.text)
    xPortGetFreeHeapSize                     0x08004951   Thumb Code     6  heap_2.o(.text)
    vPortInitialiseBlocks                    0x08004957   Thumb Code     2  heap_2.o(.text)
    __aeabi_memcpy                           0x08004971   Thumb Code    36  memcpya.o(.text)
    __aeabi_memcpy4                          0x08004971   Thumb Code     0  memcpya.o(.text)
    __aeabi_memcpy8                          0x08004971   Thumb Code     0  memcpya.o(.text)
    __aeabi_memset                           0x08004995   Thumb Code    14  memseta.o(.text)
    __aeabi_memset4                          0x08004995   Thumb Code     0  memseta.o(.text)
    __aeabi_memset8                          0x08004995   Thumb Code     0  memseta.o(.text)
    __aeabi_memclr                           0x080049a3   Thumb Code     4  memseta.o(.text)
    __aeabi_memclr4                          0x080049a3   Thumb Code     0  memseta.o(.text)
    __aeabi_memclr8                          0x080049a3   Thumb Code     0  memseta.o(.text)
    _memset$wrapper                          0x080049a7   Thumb Code    18  memseta.o(.text)
    __aeabi_uidiv                            0x080049b9   Thumb Code     0  uidiv.o(.text)
    __aeabi_uidivmod                         0x080049b9   Thumb Code    44  uidiv.o(.text)
    __scatterload                            0x080049e5   Thumb Code    28  init.o(.text)
    __scatterload_rt2                        0x080049e5   Thumb Code     0  init.o(.text)
    __0printf$1                              0x08004a09   Thumb Code    22  printf1.o(i.__0printf$1)
    __1printf$1                              0x08004a09   Thumb Code     0  printf1.o(i.__0printf$1)
    __2printf                                0x08004a09   Thumb Code     0  printf1.o(i.__0printf$1)
    __scatterload_copy                       0x08004a29   Thumb Code    14  handlers.o(i.__scatterload_copy)
    __scatterload_null                       0x08004a37   Thumb Code     2  handlers.o(i.__scatterload_null)
    __scatterload_zeroinit                   0x08004a39   Thumb Code    14  handlers.o(i.__scatterload_zeroinit)
    Region$$Table$$Base                      0x08004cb0   Number         0  anon$$obj.o(Region$$Table)
    Region$$Table$$Limit                     0x08004cd0   Number         0  anon$$obj.o(Region$$Table)
    __stdout                                 0x20000000   Data           4  retarget.o(.data)
    __stdin                                  0x20000004   Data           4  retarget.o(.data)
    pwm                                      0x20000008   Data          16  main.o(.data)
    SystemCoreClock                          0x20000028   Data           4  system_stm32f4xx.o(.data)
    AHBPrescTable                            0x2000002c   Data          16  system_stm32f4xx.o(.data)
    motor                                    0x2000003c   Data           6  motor.o(.data)
    pxCurrentTCB                             0x20000044   Data           4  tasks.o(.data)
    encoder_data                             0x200000c4   Data          20  encoder.o(.bss)
    xQueueRegistry                           0x200000d8   Data          64  queue.o(.bss)
    __initial_sp                             0x20013428   Data           0  startup_stm32f401xx.o(STACK)



==============================================================================

Memory Map of the image

  Image Entry point : 0x08000195

  Load Region LR_IROM1 (Base: 0x08000000, Size: 0x00004d80, Max: 0x00060000, ABSOLUTE)

    Execution Region ER_IROM1 (Base: 0x08000000, Size: 0x00004cd0, Max: 0x00060000, ABSOLUTE)

    Base Addr    Size         Type   Attr      Idx    E Section Name        Object

    0x08000000   0x00000194   Data   RO          291    RESET               startup_stm32f401xx.o
    0x08000194   0x00000000   Code   RO          538  * .ARM.Collect$$$$00000000  mc_w.l(entry.o)
    0x08000194   0x00000004   Code   RO          808    .ARM.Collect$$$$00000001  mc_w.l(entry2.o)
    0x08000198   0x00000004   Code   RO          811    .ARM.Collect$$$$00000004  mc_w.l(entry5.o)
    0x0800019c   0x00000000   Code   RO          813    .ARM.Collect$$$$00000008  mc_w.l(entry7b.o)
    0x0800019c   0x00000000   Code   RO          815    .ARM.Collect$$$$0000000A  mc_w.l(entry8b.o)
    0x0800019c   0x00000008   Code   RO          816    .ARM.Collect$$$$0000000B  mc_w.l(entry9a.o)
    0x080001a4   0x00000000   Code   RO          818    .ARM.Collect$$$$0000000D  mc_w.l(entry10a.o)
    0x080001a4   0x00000000   Code   RO          820    .ARM.Collect$$$$0000000F  mc_w.l(entry11a.o)
    0x080001a4   0x00000004   Code   RO          809    .ARM.Collect$$$$00002712  mc_w.l(entry2.o)
    0x080001a8   0x000000c2   Code   RO          502    .emb_text           port.o
    0x0800026a   0x0000007c   Code   RO            1    .text               retarget.o
    0x080002e6   0x00000002   PAD
    0x080002e8   0x000000b4   Code   RO           30    .text               main.o
    0x0800039c   0x000000e0   Code   RO          163    .text               misc.o
    0x0800047c   0x00000294   Code   RO          183    .text               stm32f4xx_gpio.o
    0x08000710   0x0000065c   Code   RO          203    .text               stm32f4xx_rcc.o
    0x08000d6c   0x00000ca2   Code   RO          225    .text               stm32f4xx_tim.o
    0x08001a0e   0x00000002   PAD
    0x08001a10   0x00000454   Code   RO          245    .text               stm32f4xx_usart.o
    0x08001e64   0x0000020c   Code   RO          265    .text               system_stm32f4xx.o
    0x08002070   0x00000024   Code   RO          292    .text               startup_stm32f401xx.o
    0x08002094   0x0000029c   Code   RO          298    .text               com.o
    0x08002330   0x0000004c   Code   RO          321    .text               led.o
    0x0800237c   0x000001d4   Code   RO          341    .text               encoder.o
    0x08002550   0x000001b8   Code   RO          365    .text               gpt.o
    0x08002708   0x00000074   Code   RO          387    .text               motor.o
    0x0800277c   0x00000194   Code   RO          410    .text               pwm.o
    0x08002910   0x00000094   Code   RO          428    .text               list.o
    0x080029a4   0x000008b8   Code   RO          450    .text               queue.o
    0x0800325c   0x00000f98   Code   RO          468    .text               tasks.o
    0x080041f4   0x00000452   Code   RO          487    .text               timers.o
    0x08004646   0x00000002   PAD
    0x08004648   0x000001fc   Code   RO          503    .text               port.o
    0x08004844   0x0000012c   Code   RO          523    .text               heap_2.o
    0x08004970   0x00000024   Code   RO          541    .text               mc_w.l(memcpya.o)
    0x08004994   0x00000024   Code   RO          543    .text               mc_w.l(memseta.o)
    0x080049b8   0x0000002c   Code   RO          822    .text               mc_w.l(uidiv.o)
    0x080049e4   0x00000024   Code   RO          837    .text               mc_w.l(init.o)
    0x08004a08   0x00000020   Code   RO          592    i.__0printf$1       mc_w.l(printf1.o)
    0x08004a28   0x0000000e   Code   RO          849    i.__scatterload_copy  mc_w.l(handlers.o)
    0x08004a36   0x00000002   Code   RO          850    i.__scatterload_null  mc_w.l(handlers.o)
    0x08004a38   0x0000000e   Code   RO          851    i.__scatterload_zeroinit  mc_w.l(handlers.o)
    0x08004a46   0x00000002   PAD
    0x08004a48   0x00000154   Code   RO          599    i._printf_core      mc_w.l(printf1.o)
    0x08004b9c   0x000000b4   Data   RO          300    .constdata          com.o
    0x08004c50   0x00000024   Data   RO          343    .constdata          encoder.o
    0x08004c74   0x0000003c   Data   RO          366    .constdata          gpt.o
    0x08004cb0   0x00000020   Data   RO          847    Region$$Table       anon$$obj.o


    Execution Region RW_IRAM1 (Base: 0x20000000, Size: 0x00013428, Max: 0x00018000, ABSOLUTE)

    Base Addr    Size         Type   Attr      Idx    E Section Name        Object

    0x20000000   0x00000008   Data   RW            2    .data               retarget.o
    0x20000008   0x00000010   Data   RW           31    .data               main.o
    0x20000018   0x00000010   Data   RW          204    .data               stm32f4xx_rcc.o
    0x20000028   0x00000014   Data   RW          266    .data               system_stm32f4xx.o
    0x2000003c   0x00000006   Data   RW          388    .data               motor.o
    0x20000042   0x00000002   PAD
    0x20000044   0x00000038   Data   RW          470    .data               tasks.o
    0x2000007c   0x00000010   Data   RW          489    .data               timers.o
    0x2000008c   0x0000000c   Data   RW          504    .data               port.o
    0x20000098   0x00000018   Data   RW          525    .data               heap_2.o
    0x200000b0   0x00000014   Zero   RW          299    .bss                com.o
    0x200000c4   0x00000014   Zero   RW          342    .bss                encoder.o
    0x200000d8   0x00000040   Zero   RW          451    .bss                queue.o
    0x20000118   0x000002e4   Zero   RW          469    .bss                tasks.o
    0x200003fc   0x00000028   Zero   RW          488    .bss                timers.o
    0x20000424   0x00012c00   Zero   RW          524    .bss                heap_2.o
    0x20013024   0x00000004   PAD
    0x20013028   0x00000400   Zero   RW          289    STACK               startup_stm32f401xx.o


==============================================================================

Image component sizes


      Code (inc. data)   RO Data    RW Data    ZI Data      Debug   Object Name

       668         18        180          0         20       3569   com.o
       468         10         36          0         20       2123   encoder.o
       440          6         60          0          0       1460   gpt.o
       300         24          0         24      76800       3192   heap_2.o
        76          4          0          0          0        690   led.o
       148          0          0          0          0       3310   list.o
       180         34          0         16          0     262956   main.o
       224         20          0          0          0       1885   misc.o
       116          4          0          6          0       1221   motor.o
       702         52          0         12          0       5334   port.o
       404         16          0          0          0       1579   pwm.o
      2232          4          0          0         64      11283   queue.o
       124          0          0          8          0       8500   retarget.o
        36          8        404          0       1024        888   startup_stm32f401xx.o
       660         44          0          0          0       4161   stm32f4xx_gpio.o
      1628         52          0         16          0      12952   stm32f4xx_rcc.o
      3234         60          0          0          0      22364   stm32f4xx_tim.o
      1108         34          0          0          0       7860   stm32f4xx_usart.o
       524         46          0         20          0       1983   system_stm32f4xx.o
      3992        238          0         56        740      16814   tasks.o
      1106         56          0         16         40       6140   timers.o

    ----------------------------------------------------------------------
     18376        730        712        176      78712     380264   Object Totals
         0          0         32          0          0          0   (incl. Generated)
         6          0          0          2          4          0   (incl. Padding)

    ----------------------------------------------------------------------

      Code (inc. data)   RO Data    RW Data    ZI Data      Debug   Library Member Name

         0          0          0          0          0          0   entry.o
         0          0          0          0          0          0   entry10a.o
         0          0          0          0          0          0   entry11a.o
         8          4          0          0          0          0   entry2.o
         4          0          0          0          0          0   entry5.o
         0          0          0          0          0          0   entry7b.o
         0          0          0          0          0          0   entry8b.o
         8          4          0          0          0          0   entry9a.o
        30          0          0          0          0          0   handlers.o
        36          8          0          0          0         68   init.o
        36          0          0          0          0         68   memcpya.o
        36          0          0          0          0        108   memseta.o
       372         14          0          0          0        184   printf1.o
        44          0          0          0          0         80   uidiv.o

    ----------------------------------------------------------------------
       576         30          0          0          0        508   Library Totals
         2          0          0          0          0          0   (incl. Padding)

    ----------------------------------------------------------------------

      Code (inc. data)   RO Data    RW Data    ZI Data      Debug   Library Name

       574         30          0          0          0        508   mc_w.l

    ----------------------------------------------------------------------
       576         30          0          0          0        508   Library Totals

    ----------------------------------------------------------------------

==============================================================================


      Code (inc. data)   RO Data    RW Data    ZI Data      Debug   

     18952        760        712        176      78712     376120   Grand Totals
     18952        760        712        176      78712     376120   ELF Image Totals
     18952        760        712        176          0          0   ROM Totals

==============================================================================

    Total RO  Size (Code + RO Data)                19664 (  19.20kB)
    Total RW  Size (RW Data + ZI Data)             78888 (  77.04kB)
    Total ROM Size (Code + RO Data + RW Data)      19840 (  19.38kB)

==============================================================================

