Product: MDK-ARM Professional 5.10
Component: ARM Compiler 5.04 update 1 (build 49)
Tool: armlink [5040049]

==============================================================================

Section Cross References

    retarget.o(.text) refers to com.o(.text) for COM_ReadByte
    main.o(.text) refers to stm32f4xx_rcc.o(.text) for RCC_AHB1PeriphClockCmd
    main.o(.text) refers to stm32f4xx_gpio.o(.text) for GPIO_Init
    main.o(.text) refers to stm32f4xx_usart.o(.text) for USART_Init
    main.o(.text) refers to usart.o(.text) for USART_Config
    main.o(.text) refers to led.o(.text) for LED_Init
    stm32f4xx_gpio.o(.text) refers to stm32f4xx_rcc.o(.text) for RCC_AHB1PeriphResetCmd
    stm32f4xx_rcc.o(.text) refers to stm32f4xx_rcc.o(.data) for APBAHBPrescTable
    stm32f4xx_tim.o(.text) refers to stm32f4xx_rcc.o(.text) for RCC_APB2PeriphResetCmd
    stm32f4xx_usart.o(.text) refers to stm32f4xx_rcc.o(.text) for RCC_APB2PeriphResetCmd
    system_stm32f4xx.o(.text) refers to system_stm32f4xx.o(.data) for SystemCoreClock
    startup_stm32f401xx.o(RESET) refers to startup_stm32f401xx.o(STACK) for __initial_sp
    startup_stm32f401xx.o(RESET) refers to startup_stm32f401xx.o(.text) for Reset_Handler
    startup_stm32f401xx.o(RESET) refers to com.o(.text) for USART1_IRQHandler
    startup_stm32f401xx.o(.text) refers to system_stm32f4xx.o(.text) for SystemInit
    startup_stm32f401xx.o(.text) refers to entry.o(.ARM.Collect$$$$00000000) for __main
    com.o(.text) refers to stm32f4xx_usart.o(.text) for USART_SendData
    com.o(.text) refers to stm32f4xx_rcc.o(.text) for RCC_APB2PeriphClockCmd
    com.o(.text) refers to stm32f4xx_gpio.o(.text) for GPIO_PinAFConfig
    com.o(.text) refers to misc.o(.text) for NVIC_Init
    com.o(.text) refers to com.o(.constdata) for hw_config
    com.o(.text) refers to com.o(.bss) for DataReceivedHandler
    led.o(.text) refers to stm32f4xx_rcc.o(.text) for RCC_AHB1PeriphClockCmd
    led.o(.text) refers to stm32f4xx_gpio.o(.text) for GPIO_Init
    usart.o(.text) refers to misc.o(.text) for NVIC_Init
    usart.o(.text) refers to stm32f4xx_rcc.o(.text) for RCC_AHB1PeriphClockCmd
    usart.o(.text) refers to stm32f4xx_gpio.o(.text) for GPIO_Init
    usart.o(.text) refers to stm32f4xx_usart.o(.text) for USART_Init
    entry.o(.ARM.Collect$$$$00000000) refers (Special) to entry10a.o(.ARM.Collect$$$$0000000D) for __rt_final_cpp
    entry.o(.ARM.Collect$$$$00000000) refers (Special) to entry11a.o(.ARM.Collect$$$$0000000F) for __rt_final_exit
    entry.o(.ARM.Collect$$$$00000000) refers (Special) to entry7b.o(.ARM.Collect$$$$00000008) for _main_clock
    entry.o(.ARM.Collect$$$$00000000) refers (Special) to entry8b.o(.ARM.Collect$$$$0000000A) for _main_cpp_init
    entry.o(.ARM.Collect$$$$00000000) refers (Special) to entry9a.o(.ARM.Collect$$$$0000000B) for _main_init
    entry.o(.ARM.Collect$$$$00000000) refers (Special) to entry5.o(.ARM.Collect$$$$00000004) for _main_scatterload
    entry.o(.ARM.Collect$$$$00000000) refers (Special) to entry2.o(.ARM.Collect$$$$00000001) for _main_stk
    entry2.o(.ARM.Collect$$$$00000001) refers to entry2.o(.ARM.Collect$$$$00002712) for __lit__00000000
    entry2.o(.ARM.Collect$$$$00002712) refers to startup_stm32f401xx.o(STACK) for __initial_sp
    entry2.o(__vectab_stack_and_reset_area) refers to startup_stm32f401xx.o(STACK) for __initial_sp
    entry2.o(__vectab_stack_and_reset_area) refers to entry.o(.ARM.Collect$$$$00000000) for __main
    entry5.o(.ARM.Collect$$$$00000004) refers to init.o(.text) for __scatterload
    entry9a.o(.ARM.Collect$$$$0000000B) refers to main.o(.text) for main
    entry9b.o(.ARM.Collect$$$$0000000C) refers to main.o(.text) for main
    init.o(.text) refers to entry5.o(.ARM.Collect$$$$00000004) for __main_after_scatterload


==============================================================================

Removing Unused input sections from the image.

    Removing retarget.o(.text), (124 bytes).
    Removing retarget.o(.data), (8 bytes).
    Removing main.o(.rev16_text), (4 bytes).
    Removing main.o(.revsh_text), (4 bytes).
    Removing misc.o(.rev16_text), (4 bytes).
    Removing misc.o(.revsh_text), (4 bytes).
    Removing stm32f4xx_gpio.o(.rev16_text), (4 bytes).
    Removing stm32f4xx_gpio.o(.revsh_text), (4 bytes).
    Removing stm32f4xx_rcc.o(.rev16_text), (4 bytes).
    Removing stm32f4xx_rcc.o(.revsh_text), (4 bytes).
    Removing stm32f4xx_tim.o(.rev16_text), (4 bytes).
    Removing stm32f4xx_tim.o(.revsh_text), (4 bytes).
    Removing stm32f4xx_tim.o(.text), (3234 bytes).
    Removing stm32f4xx_usart.o(.rev16_text), (4 bytes).
    Removing stm32f4xx_usart.o(.revsh_text), (4 bytes).
    Removing system_stm32f4xx.o(.rev16_text), (4 bytes).
    Removing system_stm32f4xx.o(.revsh_text), (4 bytes).
    Removing startup_stm32f401xx.o(HEAP), (512 bytes).
    Removing com.o(.rev16_text), (4 bytes).
    Removing com.o(.revsh_text), (4 bytes).
    Removing led.o(.rev16_text), (4 bytes).
    Removing led.o(.revsh_text), (4 bytes).
    Removing usart.o(.rev16_text), (4 bytes).
    Removing usart.o(.revsh_text), (4 bytes).

24 unused section(s) (total 3958 bytes) removed from the image.

==============================================================================

Image Symbol Table

    Local Symbols

    Symbol Name                              Value     Ov Type        Size  Object(Section)

    ../clib/microlib/init/entry.s            0x00000000   Number         0  entry8a.o ABSOLUTE
    ../clib/microlib/init/entry.s            0x00000000   Number         0  entry10b.o ABSOLUTE
    ../clib/microlib/init/entry.s            0x00000000   Number         0  entry11b.o ABSOLUTE
    ../clib/microlib/init/entry.s            0x00000000   Number         0  entry8b.o ABSOLUTE
    ../clib/microlib/init/entry.s            0x00000000   Number         0  entry11a.o ABSOLUTE
    ../clib/microlib/init/entry.s            0x00000000   Number         0  entry.o ABSOLUTE
    ../clib/microlib/init/entry.s            0x00000000   Number         0  entry2.o ABSOLUTE
    ../clib/microlib/init/entry.s            0x00000000   Number         0  entry5.o ABSOLUTE
    ../clib/microlib/init/entry.s            0x00000000   Number         0  entry10a.o ABSOLUTE
    ../clib/microlib/init/entry.s            0x00000000   Number         0  entry9b.o ABSOLUTE
    ../clib/microlib/init/entry.s            0x00000000   Number         0  entry9a.o ABSOLUTE
    ../clib/microlib/init/entry.s            0x00000000   Number         0  entry7a.o ABSOLUTE
    ../clib/microlib/init/entry.s            0x00000000   Number         0  entry7b.o ABSOLUTE
    ..\Api\com.c                             0x00000000   Number         0  com.o ABSOLUTE
    ..\Api\led.c                             0x00000000   Number         0  led.o ABSOLUTE
    ..\Api\usart.c                           0x00000000   Number         0  usart.o ABSOLUTE
    ..\App\main.c                            0x00000000   Number         0  main.o ABSOLUTE
    ..\App\retarget.c                        0x00000000   Number         0  retarget.o ABSOLUTE
    ..\CMSIS\Device\ST\STM32F4xx\Source\Templates\arm\startup_stm32f401xx.s 0x00000000   Number         0  startup_stm32f401xx.o ABSOLUTE
    ..\CMSIS\Device\ST\STM32F4xx\Source\Templates\system_stm32f4xx.c 0x00000000   Number         0  system_stm32f4xx.o ABSOLUTE
    ..\STM32F4xx_StdPeriph_Driver\src\misc.c 0x00000000   Number         0  misc.o ABSOLUTE
    ..\STM32F4xx_StdPeriph_Driver\src\stm32f4xx_gpio.c 0x00000000   Number         0  stm32f4xx_gpio.o ABSOLUTE
    ..\STM32F4xx_StdPeriph_Driver\src\stm32f4xx_rcc.c 0x00000000   Number         0  stm32f4xx_rcc.o ABSOLUTE
    ..\STM32F4xx_StdPeriph_Driver\src\stm32f4xx_tim.c 0x00000000   Number         0  stm32f4xx_tim.o ABSOLUTE
    ..\STM32F4xx_StdPeriph_Driver\src\stm32f4xx_usart.c 0x00000000   Number         0  stm32f4xx_usart.o ABSOLUTE
    ..\\Api\\com.c                           0x00000000   Number         0  com.o ABSOLUTE
    ..\\Api\\led.c                           0x00000000   Number         0  led.o ABSOLUTE
    ..\\Api\\usart.c                         0x00000000   Number         0  usart.o ABSOLUTE
    ..\\App\\main.c                          0x00000000   Number         0  main.o ABSOLUTE
    ..\\CMSIS\\Device\\ST\\STM32F4xx\\Source\\Templates\\system_stm32f4xx.c 0x00000000   Number         0  system_stm32f4xx.o ABSOLUTE
    ..\\STM32F4xx_StdPeriph_Driver\\src\\misc.c 0x00000000   Number         0  misc.o ABSOLUTE
    ..\\STM32F4xx_StdPeriph_Driver\\src\\stm32f4xx_gpio.c 0x00000000   Number         0  stm32f4xx_gpio.o ABSOLUTE
    ..\\STM32F4xx_StdPeriph_Driver\\src\\stm32f4xx_rcc.c 0x00000000   Number         0  stm32f4xx_rcc.o ABSOLUTE
    ..\\STM32F4xx_StdPeriph_Driver\\src\\stm32f4xx_tim.c 0x00000000   Number         0  stm32f4xx_tim.o ABSOLUTE
    ..\\STM32F4xx_StdPeriph_Driver\\src\\stm32f4xx_usart.c 0x00000000   Number         0  stm32f4xx_usart.o ABSOLUTE
    dc.s                                     0x00000000   Number         0  dc.o ABSOLUTE
    handlers.s                               0x00000000   Number         0  handlers.o ABSOLUTE
    init.s                                   0x00000000   Number         0  init.o ABSOLUTE
    RESET                                    0x08000000   Section      404  startup_stm32f401xx.o(RESET)
    .ARM.Collect$$$$00000000                 0x08000194   Section        0  entry.o(.ARM.Collect$$$$00000000)
    .ARM.Collect$$$$00000001                 0x08000194   Section        4  entry2.o(.ARM.Collect$$$$00000001)
    .ARM.Collect$$$$00000004                 0x08000198   Section        4  entry5.o(.ARM.Collect$$$$00000004)
    .ARM.Collect$$$$00000008                 0x0800019c   Section        0  entry7b.o(.ARM.Collect$$$$00000008)
    .ARM.Collect$$$$0000000A                 0x0800019c   Section        0  entry8b.o(.ARM.Collect$$$$0000000A)
    .ARM.Collect$$$$0000000B                 0x0800019c   Section        8  entry9a.o(.ARM.Collect$$$$0000000B)
    .ARM.Collect$$$$0000000D                 0x080001a4   Section        0  entry10a.o(.ARM.Collect$$$$0000000D)
    .ARM.Collect$$$$0000000F                 0x080001a4   Section        0  entry11a.o(.ARM.Collect$$$$0000000F)
    .ARM.Collect$$$$00002712                 0x080001a4   Section        4  entry2.o(.ARM.Collect$$$$00002712)
    __lit__00000000                          0x080001a4   Data           4  entry2.o(.ARM.Collect$$$$00002712)
    .text                                    0x080001a8   Section        0  main.o(.text)
    .text                                    0x08000248   Section        0  misc.o(.text)
    .text                                    0x08000328   Section        0  stm32f4xx_gpio.o(.text)
    .text                                    0x080005bc   Section        0  stm32f4xx_rcc.o(.text)
    .text                                    0x08000c18   Section        0  stm32f4xx_usart.o(.text)
    .text                                    0x0800106c   Section        0  system_stm32f4xx.o(.text)
    SetSysClock                              0x0800106d   Thumb Code   216  system_stm32f4xx.o(.text)
    .text                                    0x08001278   Section       36  startup_stm32f401xx.o(.text)
    $v0                                      0x08001278   Number         0  startup_stm32f401xx.o(.text)
    .text                                    0x0800129c   Section        0  com.o(.text)
    .text                                    0x08001538   Section        0  led.o(.text)
    .text                                    0x08001584   Section        0  usart.o(.text)
    .text                                    0x0800161c   Section       36  init.o(.text)
    i.__scatterload_copy                     0x08001640   Section       14  handlers.o(i.__scatterload_copy)
    i.__scatterload_null                     0x0800164e   Section        2  handlers.o(i.__scatterload_null)
    i.__scatterload_zeroinit                 0x08001650   Section       14  handlers.o(i.__scatterload_zeroinit)
    .constdata                               0x08001660   Section      180  com.o(.constdata)
    hw_config                                0x08001660   Data         180  com.o(.constdata)
    .data                                    0x20000000   Section       16  stm32f4xx_rcc.o(.data)
    APBAHBPrescTable                         0x20000000   Data          16  stm32f4xx_rcc.o(.data)
    .data                                    0x20000010   Section       20  system_stm32f4xx.o(.data)
    .bss                                     0x20000024   Section       20  com.o(.bss)
    DataReceivedHandler                      0x20000024   Data          20  com.o(.bss)
    STACK                                    0x20000038   Section     1024  startup_stm32f401xx.o(STACK)

    Global Symbols

    Symbol Name                              Value     Ov Type        Size  Object(Section)

    BuildAttributes$$THM_ISAv4$E$P$D$K$B$S$7EM$VFPi3$EXTD16$VFPS$VFMA$PE$A:L22UL41UL21$X:L11$S22US41US21$IEEE1$IW$USESV6$~STKCKD$USESV7$~SHL$OSPACE$EBA8$MICROLIB$REQ8$PRES8$EABIv2 0x00000000   Number         0  anon$$obj.o ABSOLUTE
    __ARM_use_no_argv                        0x00000000   Number         0  main.o ABSOLUTE
    __cpp_initialize__aeabi_                  - Undefined Weak Reference
    __cxa_finalize                            - Undefined Weak Reference
    __decompress                              - Undefined Weak Reference
    _clock_init                               - Undefined Weak Reference
    _microlib_exit                            - Undefined Weak Reference
    __Vectors_Size                           0x00000194   Number         0  startup_stm32f401xx.o ABSOLUTE
    __Vectors                                0x08000000   Data           4  startup_stm32f401xx.o(RESET)
    __Vectors_End                            0x08000194   Data           0  startup_stm32f401xx.o(RESET)
    __main                                   0x08000195   Thumb Code     0  entry.o(.ARM.Collect$$$$00000000)
    _main_stk                                0x08000195   Thumb Code     0  entry2.o(.ARM.Collect$$$$00000001)
    _main_scatterload                        0x08000199   Thumb Code     0  entry5.o(.ARM.Collect$$$$00000004)
    __main_after_scatterload                 0x0800019d   Thumb Code     0  entry5.o(.ARM.Collect$$$$00000004)
    _main_clock                              0x0800019d   Thumb Code     0  entry7b.o(.ARM.Collect$$$$00000008)
    _main_cpp_init                           0x0800019d   Thumb Code     0  entry8b.o(.ARM.Collect$$$$0000000A)
    _main_init                               0x0800019d   Thumb Code     0  entry9a.o(.ARM.Collect$$$$0000000B)
    __rt_final_cpp                           0x080001a5   Thumb Code     0  entry10a.o(.ARM.Collect$$$$0000000D)
    __rt_final_exit                          0x080001a5   Thumb Code     0  entry11a.o(.ARM.Collect$$$$0000000F)
    USART_Configuration                      0x080001a9   Thumb Code   114  main.o(.text)
    main                                     0x0800021b   Thumb Code    38  main.o(.text)
    NVIC_PriorityGroupConfig                 0x08000249   Thumb Code    10  misc.o(.text)
    NVIC_Init                                0x08000253   Thumb Code   106  misc.o(.text)
    NVIC_SetVectorTable                      0x080002bd   Thumb Code    14  misc.o(.text)
    NVIC_SystemLPConfig                      0x080002cb   Thumb Code    34  misc.o(.text)
    SysTick_CLKSourceConfig                  0x080002ed   Thumb Code    40  misc.o(.text)
    GPIO_DeInit                              0x08000329   Thumb Code   268  stm32f4xx_gpio.o(.text)
    GPIO_Init                                0x08000435   Thumb Code   144  stm32f4xx_gpio.o(.text)
    GPIO_StructInit                          0x080004c5   Thumb Code    18  stm32f4xx_gpio.o(.text)
    GPIO_PinLockConfig                       0x080004d7   Thumb Code    34  stm32f4xx_gpio.o(.text)
    GPIO_ReadInputDataBit                    0x080004f9   Thumb Code    18  stm32f4xx_gpio.o(.text)
    GPIO_ReadInputData                       0x0800050b   Thumb Code     8  stm32f4xx_gpio.o(.text)
    GPIO_ReadOutputDataBit                   0x08000513   Thumb Code    18  stm32f4xx_gpio.o(.text)
    GPIO_ReadOutputData                      0x08000525   Thumb Code     8  stm32f4xx_gpio.o(.text)
    GPIO_SetBits                             0x0800052d   Thumb Code     4  stm32f4xx_gpio.o(.text)
    GPIO_ResetBits                           0x08000531   Thumb Code     4  stm32f4xx_gpio.o(.text)
    GPIO_WriteBit                            0x08000535   Thumb Code    10  stm32f4xx_gpio.o(.text)
    GPIO_Write                               0x0800053f   Thumb Code     4  stm32f4xx_gpio.o(.text)
    GPIO_ToggleBits                          0x08000543   Thumb Code     8  stm32f4xx_gpio.o(.text)
    GPIO_PinAFConfig                         0x0800054b   Thumb Code    70  stm32f4xx_gpio.o(.text)
    RCC_DeInit                               0x080005bd   Thumb Code    82  stm32f4xx_rcc.o(.text)
    RCC_HSEConfig                            0x0800060f   Thumb Code    14  stm32f4xx_rcc.o(.text)
    RCC_GetFlagStatus                        0x0800061d   Thumb Code    60  stm32f4xx_rcc.o(.text)
    RCC_WaitForHSEStartUp                    0x08000659   Thumb Code    56  stm32f4xx_rcc.o(.text)
    RCC_AdjustHSICalibrationValue            0x08000691   Thumb Code    20  stm32f4xx_rcc.o(.text)
    RCC_HSICmd                               0x080006a5   Thumb Code     6  stm32f4xx_rcc.o(.text)
    RCC_LSEConfig                            0x080006ab   Thumb Code    46  stm32f4xx_rcc.o(.text)
    RCC_LSICmd                               0x080006d9   Thumb Code     6  stm32f4xx_rcc.o(.text)
    RCC_PLLConfig                            0x080006df   Thumb Code    32  stm32f4xx_rcc.o(.text)
    RCC_PLLCmd                               0x080006ff   Thumb Code     6  stm32f4xx_rcc.o(.text)
    RCC_PLLI2SConfig                         0x08000705   Thumb Code    14  stm32f4xx_rcc.o(.text)
    RCC_PLLI2SCmd                            0x08000713   Thumb Code     6  stm32f4xx_rcc.o(.text)
    RCC_PLLSAIConfig                         0x08000719   Thumb Code    20  stm32f4xx_rcc.o(.text)
    RCC_PLLSAICmd                            0x0800072d   Thumb Code     6  stm32f4xx_rcc.o(.text)
    RCC_ClockSecuritySystemCmd               0x08000733   Thumb Code     6  stm32f4xx_rcc.o(.text)
    RCC_MCO1Config                           0x08000739   Thumb Code    28  stm32f4xx_rcc.o(.text)
    RCC_MCO2Config                           0x08000755   Thumb Code    28  stm32f4xx_rcc.o(.text)
    RCC_SYSCLKConfig                         0x08000771   Thumb Code    20  stm32f4xx_rcc.o(.text)
    RCC_GetSYSCLKSource                      0x08000785   Thumb Code    12  stm32f4xx_rcc.o(.text)
    RCC_HCLKConfig                           0x08000791   Thumb Code    20  stm32f4xx_rcc.o(.text)
    RCC_PCLK1Config                          0x080007a5   Thumb Code    20  stm32f4xx_rcc.o(.text)
    RCC_PCLK2Config                          0x080007b9   Thumb Code    22  stm32f4xx_rcc.o(.text)
    RCC_GetClocksFreq                        0x080007cf   Thumb Code   222  stm32f4xx_rcc.o(.text)
    RCC_RTCCLKConfig                         0x080008ad   Thumb Code    54  stm32f4xx_rcc.o(.text)
    RCC_RTCCLKCmd                            0x080008e3   Thumb Code     8  stm32f4xx_rcc.o(.text)
    RCC_BackupResetCmd                       0x080008eb   Thumb Code     8  stm32f4xx_rcc.o(.text)
    RCC_I2SCLKConfig                         0x080008f3   Thumb Code     6  stm32f4xx_rcc.o(.text)
    RCC_SAIPLLI2SClkDivConfig                0x080008f9   Thumb Code    26  stm32f4xx_rcc.o(.text)
    RCC_SAIPLLSAIClkDivConfig                0x08000913   Thumb Code    28  stm32f4xx_rcc.o(.text)
    RCC_SAIBlockACLKConfig                   0x0800092f   Thumb Code    20  stm32f4xx_rcc.o(.text)
    RCC_SAIBlockBCLKConfig                   0x08000943   Thumb Code    20  stm32f4xx_rcc.o(.text)
    RCC_LTDCCLKDivConfig                     0x08000957   Thumb Code    20  stm32f4xx_rcc.o(.text)
    RCC_TIMCLKPresConfig                     0x0800096b   Thumb Code     6  stm32f4xx_rcc.o(.text)
    RCC_AHB1PeriphClockCmd                   0x08000971   Thumb Code    34  stm32f4xx_rcc.o(.text)
    RCC_AHB2PeriphClockCmd                   0x08000993   Thumb Code    78  stm32f4xx_rcc.o(.text)
    RCC_AHB3PeriphClockCmd                   0x080009e1   Thumb Code    34  stm32f4xx_rcc.o(.text)
    RCC_APB1PeriphClockCmd                   0x08000a03   Thumb Code    34  stm32f4xx_rcc.o(.text)
    RCC_APB2PeriphClockCmd                   0x08000a25   Thumb Code    34  stm32f4xx_rcc.o(.text)
    RCC_AHB1PeriphResetCmd                   0x08000a47   Thumb Code    34  stm32f4xx_rcc.o(.text)
    RCC_AHB2PeriphResetCmd                   0x08000a69   Thumb Code    34  stm32f4xx_rcc.o(.text)
    RCC_AHB3PeriphResetCmd                   0x08000a8b   Thumb Code    34  stm32f4xx_rcc.o(.text)
    RCC_APB1PeriphResetCmd                   0x08000aad   Thumb Code    34  stm32f4xx_rcc.o(.text)
    RCC_APB2PeriphResetCmd                   0x08000acf   Thumb Code    34  stm32f4xx_rcc.o(.text)
    RCC_AHB1PeriphClockLPModeCmd             0x08000af1   Thumb Code    34  stm32f4xx_rcc.o(.text)
    RCC_AHB2PeriphClockLPModeCmd             0x08000b13   Thumb Code    34  stm32f4xx_rcc.o(.text)
    RCC_AHB3PeriphClockLPModeCmd             0x08000b35   Thumb Code    34  stm32f4xx_rcc.o(.text)
    RCC_APB1PeriphClockLPModeCmd             0x08000b57   Thumb Code    34  stm32f4xx_rcc.o(.text)
    RCC_APB2PeriphClockLPModeCmd             0x08000b79   Thumb Code    34  stm32f4xx_rcc.o(.text)
    RCC_LSEModeConfig                        0x08000b9b   Thumb Code    40  stm32f4xx_rcc.o(.text)
    RCC_ITConfig                             0x08000bc3   Thumb Code    34  stm32f4xx_rcc.o(.text)
    RCC_ClearFlag                            0x08000be5   Thumb Code    18  stm32f4xx_rcc.o(.text)
    RCC_GetITStatus                          0x08000bf7   Thumb Code    22  stm32f4xx_rcc.o(.text)
    RCC_ClearITPendingBit                    0x08000c0d   Thumb Code     8  stm32f4xx_rcc.o(.text)
    USART_DeInit                             0x08000c19   Thumb Code   206  stm32f4xx_usart.o(.text)
    USART_Init                               0x08000ce7   Thumb Code   204  stm32f4xx_usart.o(.text)
    USART_StructInit                         0x08000db3   Thumb Code    24  stm32f4xx_usart.o(.text)
    USART_ClockInit                          0x08000dcb   Thumb Code    32  stm32f4xx_usart.o(.text)
    USART_ClockStructInit                    0x08000deb   Thumb Code    12  stm32f4xx_usart.o(.text)
    USART_Cmd                                0x08000df7   Thumb Code    24  stm32f4xx_usart.o(.text)
    USART_SetPrescaler                       0x08000e0f   Thumb Code    16  stm32f4xx_usart.o(.text)
    USART_OverSampling8Cmd                   0x08000e1f   Thumb Code    22  stm32f4xx_usart.o(.text)
    USART_OneBitMethodCmd                    0x08000e35   Thumb Code    24  stm32f4xx_usart.o(.text)
    USART_SendData                           0x08000e4d   Thumb Code     8  stm32f4xx_usart.o(.text)
    USART_ReceiveData                        0x08000e55   Thumb Code    10  stm32f4xx_usart.o(.text)
    USART_SetAddress                         0x08000e5f   Thumb Code    18  stm32f4xx_usart.o(.text)
    USART_ReceiverWakeUpCmd                  0x08000e71   Thumb Code    24  stm32f4xx_usart.o(.text)
    USART_WakeUpConfig                       0x08000e89   Thumb Code    18  stm32f4xx_usart.o(.text)
    USART_LINBreakDetectLengthConfig         0x08000e9b   Thumb Code    18  stm32f4xx_usart.o(.text)
    USART_LINCmd                             0x08000ead   Thumb Code    24  stm32f4xx_usart.o(.text)
    USART_SendBreak                          0x08000ec5   Thumb Code    10  stm32f4xx_usart.o(.text)
    USART_HalfDuplexCmd                      0x08000ecf   Thumb Code    24  stm32f4xx_usart.o(.text)
    USART_SetGuardTime                       0x08000ee7   Thumb Code    16  stm32f4xx_usart.o(.text)
    USART_SmartCardCmd                       0x08000ef7   Thumb Code    24  stm32f4xx_usart.o(.text)
    USART_SmartCardNACKCmd                   0x08000f0f   Thumb Code    24  stm32f4xx_usart.o(.text)
    USART_IrDAConfig                         0x08000f27   Thumb Code    18  stm32f4xx_usart.o(.text)
    USART_IrDACmd                            0x08000f39   Thumb Code    24  stm32f4xx_usart.o(.text)
    USART_DMACmd                             0x08000f51   Thumb Code    18  stm32f4xx_usart.o(.text)
    USART_ITConfig                           0x08000f63   Thumb Code    74  stm32f4xx_usart.o(.text)
    USART_GetFlagStatus                      0x08000fad   Thumb Code    26  stm32f4xx_usart.o(.text)
    USART_ClearFlag                          0x08000fc7   Thumb Code    18  stm32f4xx_usart.o(.text)
    USART_GetITStatus                        0x08000fd9   Thumb Code   118  stm32f4xx_usart.o(.text)
    USART_ClearITPendingBit                  0x0800104f   Thumb Code    30  stm32f4xx_usart.o(.text)
    SystemInit                               0x08001145   Thumb Code    88  system_stm32f4xx.o(.text)
    SystemCoreClockUpdate                    0x0800119d   Thumb Code   174  system_stm32f4xx.o(.text)
    Reset_Handler                            0x08001279   Thumb Code     8  startup_stm32f401xx.o(.text)
    NMI_Handler                              0x08001281   Thumb Code     2  startup_stm32f401xx.o(.text)
    HardFault_Handler                        0x08001283   Thumb Code     2  startup_stm32f401xx.o(.text)
    MemManage_Handler                        0x08001285   Thumb Code     2  startup_stm32f401xx.o(.text)
    BusFault_Handler                         0x08001287   Thumb Code     2  startup_stm32f401xx.o(.text)
    UsageFault_Handler                       0x08001289   Thumb Code     2  startup_stm32f401xx.o(.text)
    SVC_Handler                              0x0800128b   Thumb Code     2  startup_stm32f401xx.o(.text)
    DebugMon_Handler                         0x0800128d   Thumb Code     2  startup_stm32f401xx.o(.text)
    PendSV_Handler                           0x0800128f   Thumb Code     2  startup_stm32f401xx.o(.text)
    SysTick_Handler                          0x08001291   Thumb Code     2  startup_stm32f401xx.o(.text)
    ADC_IRQHandler                           0x08001293   Thumb Code     0  startup_stm32f401xx.o(.text)
    DMA1_Stream0_IRQHandler                  0x08001293   Thumb Code     0  startup_stm32f401xx.o(.text)
    DMA1_Stream1_IRQHandler                  0x08001293   Thumb Code     0  startup_stm32f401xx.o(.text)
    DMA1_Stream2_IRQHandler                  0x08001293   Thumb Code     0  startup_stm32f401xx.o(.text)
    DMA1_Stream3_IRQHandler                  0x08001293   Thumb Code     0  startup_stm32f401xx.o(.text)
    DMA1_Stream4_IRQHandler                  0x08001293   Thumb Code     0  startup_stm32f401xx.o(.text)
    DMA1_Stream5_IRQHandler                  0x08001293   Thumb Code     0  startup_stm32f401xx.o(.text)
    DMA1_Stream6_IRQHandler                  0x08001293   Thumb Code     0  startup_stm32f401xx.o(.text)
    DMA1_Stream7_IRQHandler                  0x08001293   Thumb Code     0  startup_stm32f401xx.o(.text)
    DMA2_Stream0_IRQHandler                  0x08001293   Thumb Code     0  startup_stm32f401xx.o(.text)
    DMA2_Stream1_IRQHandler                  0x08001293   Thumb Code     0  startup_stm32f401xx.o(.text)
    DMA2_Stream2_IRQHandler                  0x08001293   Thumb Code     0  startup_stm32f401xx.o(.text)
    DMA2_Stream3_IRQHandler                  0x08001293   Thumb Code     0  startup_stm32f401xx.o(.text)
    DMA2_Stream4_IRQHandler                  0x08001293   Thumb Code     0  startup_stm32f401xx.o(.text)
    DMA2_Stream5_IRQHandler                  0x08001293   Thumb Code     0  startup_stm32f401xx.o(.text)
    DMA2_Stream6_IRQHandler                  0x08001293   Thumb Code     0  startup_stm32f401xx.o(.text)
    DMA2_Stream7_IRQHandler                  0x08001293   Thumb Code     0  startup_stm32f401xx.o(.text)
    EXTI0_IRQHandler                         0x08001293   Thumb Code     0  startup_stm32f401xx.o(.text)
    EXTI15_10_IRQHandler                     0x08001293   Thumb Code     0  startup_stm32f401xx.o(.text)
    EXTI1_IRQHandler                         0x08001293   Thumb Code     0  startup_stm32f401xx.o(.text)
    EXTI2_IRQHandler                         0x08001293   Thumb Code     0  startup_stm32f401xx.o(.text)
    EXTI3_IRQHandler                         0x08001293   Thumb Code     0  startup_stm32f401xx.o(.text)
    EXTI4_IRQHandler                         0x08001293   Thumb Code     0  startup_stm32f401xx.o(.text)
    EXTI9_5_IRQHandler                       0x08001293   Thumb Code     0  startup_stm32f401xx.o(.text)
    FLASH_IRQHandler                         0x08001293   Thumb Code     0  startup_stm32f401xx.o(.text)
    FPU_IRQHandler                           0x08001293   Thumb Code     0  startup_stm32f401xx.o(.text)
    I2C1_ER_IRQHandler                       0x08001293   Thumb Code     0  startup_stm32f401xx.o(.text)
    I2C1_EV_IRQHandler                       0x08001293   Thumb Code     0  startup_stm32f401xx.o(.text)
    I2C2_ER_IRQHandler                       0x08001293   Thumb Code     0  startup_stm32f401xx.o(.text)
    I2C2_EV_IRQHandler                       0x08001293   Thumb Code     0  startup_stm32f401xx.o(.text)
    I2C3_ER_IRQHandler                       0x08001293   Thumb Code     0  startup_stm32f401xx.o(.text)
    I2C3_EV_IRQHandler                       0x08001293   Thumb Code     0  startup_stm32f401xx.o(.text)
    OTG_FS_IRQHandler                        0x08001293   Thumb Code     0  startup_stm32f401xx.o(.text)
    OTG_FS_WKUP_IRQHandler                   0x08001293   Thumb Code     0  startup_stm32f401xx.o(.text)
    PVD_IRQHandler                           0x08001293   Thumb Code     0  startup_stm32f401xx.o(.text)
    RCC_IRQHandler                           0x08001293   Thumb Code     0  startup_stm32f401xx.o(.text)
    RTC_Alarm_IRQHandler                     0x08001293   Thumb Code     0  startup_stm32f401xx.o(.text)
    RTC_WKUP_IRQHandler                      0x08001293   Thumb Code     0  startup_stm32f401xx.o(.text)
    SDIO_IRQHandler                          0x08001293   Thumb Code     0  startup_stm32f401xx.o(.text)
    SPI1_IRQHandler                          0x08001293   Thumb Code     0  startup_stm32f401xx.o(.text)
    SPI2_IRQHandler                          0x08001293   Thumb Code     0  startup_stm32f401xx.o(.text)
    SPI3_IRQHandler                          0x08001293   Thumb Code     0  startup_stm32f401xx.o(.text)
    SPI4_IRQHandler                          0x08001293   Thumb Code     0  startup_stm32f401xx.o(.text)
    TAMP_STAMP_IRQHandler                    0x08001293   Thumb Code     0  startup_stm32f401xx.o(.text)
    TIM1_BRK_TIM9_IRQHandler                 0x08001293   Thumb Code     0  startup_stm32f401xx.o(.text)
    TIM1_CC_IRQHandler                       0x08001293   Thumb Code     0  startup_stm32f401xx.o(.text)
    TIM1_TRG_COM_TIM11_IRQHandler            0x08001293   Thumb Code     0  startup_stm32f401xx.o(.text)
    TIM1_UP_TIM10_IRQHandler                 0x08001293   Thumb Code     0  startup_stm32f401xx.o(.text)
    TIM2_IRQHandler                          0x08001293   Thumb Code     0  startup_stm32f401xx.o(.text)
    TIM3_IRQHandler                          0x08001293   Thumb Code     0  startup_stm32f401xx.o(.text)
    TIM4_IRQHandler                          0x08001293   Thumb Code     0  startup_stm32f401xx.o(.text)
    TIM5_IRQHandler                          0x08001293   Thumb Code     0  startup_stm32f401xx.o(.text)
    USART6_IRQHandler                        0x08001293   Thumb Code     0  startup_stm32f401xx.o(.text)
    WWDG_IRQHandler                          0x08001293   Thumb Code     0  startup_stm32f401xx.o(.text)
    COM_WriteByte                            0x0800129d   Thumb Code    52  com.o(.text)
    COM_Init                                 0x080012d1   Thumb Code   348  com.o(.text)
    COM_ReadByte                             0x0800142d   Thumb Code    20  com.o(.text)
    USART1_IRQHandler                        0x08001441   Thumb Code    28  com.o(.text)
    USART2_IRQHandler                        0x0800145d   Thumb Code    28  com.o(.text)
    USART3_IRQHandler                        0x08001479   Thumb Code    28  com.o(.text)
    UART4_IRQHandler                         0x08001495   Thumb Code    28  com.o(.text)
    UART5_IRQHandler                         0x080014b1   Thumb Code    28  com.o(.text)
    COM_HardwareInterruptEnabled             0x080014cd   Thumb Code    56  com.o(.text)
    COM_HardwareInterruptDisabled            0x08001505   Thumb Code    34  com.o(.text)
    LED_Init                                 0x08001539   Thumb Code    48  led.o(.text)
    LED_On                                   0x08001569   Thumb Code    12  led.o(.text)
    LED_Off                                  0x08001575   Thumb Code    12  led.o(.text)
    USART_Config                             0x08001585   Thumb Code   144  usart.o(.text)
    __scatterload                            0x0800161d   Thumb Code    28  init.o(.text)
    __scatterload_rt2                        0x0800161d   Thumb Code     0  init.o(.text)
    __scatterload_copy                       0x08001641   Thumb Code    14  handlers.o(i.__scatterload_copy)
    __scatterload_null                       0x0800164f   Thumb Code     2  handlers.o(i.__scatterload_null)
    __scatterload_zeroinit                   0x08001651   Thumb Code    14  handlers.o(i.__scatterload_zeroinit)
    Region$$Table$$Base                      0x08001714   Number         0  anon$$obj.o(Region$$Table)
    Region$$Table$$Limit                     0x08001734   Number         0  anon$$obj.o(Region$$Table)
    SystemCoreClock                          0x20000010   Data           4  system_stm32f4xx.o(.data)
    AHBPrescTable                            0x20000014   Data          16  system_stm32f4xx.o(.data)
    __initial_sp                             0x20000438   Data           0  startup_stm32f401xx.o(STACK)



==============================================================================

Memory Map of the image

  Image Entry point : 0x08000195

  Load Region LR_IROM1 (Base: 0x08000000, Size: 0x00001758, Max: 0x00060000, ABSOLUTE)

    Execution Region ER_IROM1 (Base: 0x08000000, Size: 0x00001734, Max: 0x00060000, ABSOLUTE)

    Base Addr    Size         Type   Attr      Idx    E Section Name        Object

    0x08000000   0x00000194   Data   RO          226    RESET               startup_stm32f401xx.o
    0x08000194   0x00000000   Code   RO          294  * .ARM.Collect$$$$00000000  mc_w.l(entry.o)
    0x08000194   0x00000004   Code   RO          297    .ARM.Collect$$$$00000001  mc_w.l(entry2.o)
    0x08000198   0x00000004   Code   RO          300    .ARM.Collect$$$$00000004  mc_w.l(entry5.o)
    0x0800019c   0x00000000   Code   RO          302    .ARM.Collect$$$$00000008  mc_w.l(entry7b.o)
    0x0800019c   0x00000000   Code   RO          304    .ARM.Collect$$$$0000000A  mc_w.l(entry8b.o)
    0x0800019c   0x00000008   Code   RO          305    .ARM.Collect$$$$0000000B  mc_w.l(entry9a.o)
    0x080001a4   0x00000000   Code   RO          307    .ARM.Collect$$$$0000000D  mc_w.l(entry10a.o)
    0x080001a4   0x00000000   Code   RO          309    .ARM.Collect$$$$0000000F  mc_w.l(entry11a.o)
    0x080001a4   0x00000004   Code   RO          298    .ARM.Collect$$$$00002712  mc_w.l(entry2.o)
    0x080001a8   0x000000a0   Code   RO           30    .text               main.o
    0x08000248   0x000000e0   Code   RO           95    .text               misc.o
    0x08000328   0x00000294   Code   RO          115    .text               stm32f4xx_gpio.o
    0x080005bc   0x0000065c   Code   RO          135    .text               stm32f4xx_rcc.o
    0x08000c18   0x00000454   Code   RO          180    .text               stm32f4xx_usart.o
    0x0800106c   0x0000020c   Code   RO          200    .text               system_stm32f4xx.o
    0x08001278   0x00000024   Code   RO          227    .text               startup_stm32f401xx.o
    0x0800129c   0x0000029c   Code   RO          233    .text               com.o
    0x08001538   0x0000004c   Code   RO          256    .text               led.o
    0x08001584   0x00000098   Code   RO          276    .text               usart.o
    0x0800161c   0x00000024   Code   RO          311    .text               mc_w.l(init.o)
    0x08001640   0x0000000e   Code   RO          315    i.__scatterload_copy  mc_w.l(handlers.o)
    0x0800164e   0x00000002   Code   RO          316    i.__scatterload_null  mc_w.l(handlers.o)
    0x08001650   0x0000000e   Code   RO          317    i.__scatterload_zeroinit  mc_w.l(handlers.o)
    0x0800165e   0x00000002   PAD
    0x08001660   0x000000b4   Data   RO          235    .constdata          com.o
    0x08001714   0x00000020   Data   RO          313    Region$$Table       anon$$obj.o


    Execution Region RW_IRAM1 (Base: 0x20000000, Size: 0x00000438, Max: 0x00018000, ABSOLUTE)

    Base Addr    Size         Type   Attr      Idx    E Section Name        Object

    0x20000000   0x00000010   Data   RW          136    .data               stm32f4xx_rcc.o
    0x20000010   0x00000014   Data   RW          201    .data               system_stm32f4xx.o
    0x20000024   0x00000014   Zero   RW          234    .bss                com.o
    0x20000038   0x00000400   Zero   RW          224    STACK               startup_stm32f401xx.o


==============================================================================

Image component sizes


      Code (inc. data)   RO Data    RW Data    ZI Data      Debug   Object Name

       668         18        180          0         20       3569   com.o
        76          4          0          0          0        690   led.o
       160          8          0          0          0     227079   main.o
       224         20          0          0          0       1885   misc.o
         0          0          0          0          0       5164   retarget.o
        36          8        404          0       1024        888   startup_stm32f401xx.o
       660         44          0          0          0       4161   stm32f4xx_gpio.o
      1628         52          0         16          0      12952   stm32f4xx_rcc.o
      1108         34          0          0          0       7860   stm32f4xx_usart.o
       524         46          0         20          0       1983   system_stm32f4xx.o
       152          8          0          0          0        643   usart.o

    ----------------------------------------------------------------------
      5236        242        616         36       1044     266874   Object Totals
         0          0         32          0          0          0   (incl. Generated)
         0          0          0          0          0          0   (incl. Padding)

    ----------------------------------------------------------------------

      Code (inc. data)   RO Data    RW Data    ZI Data      Debug   Library Member Name

         0          0          0          0          0          0   entry.o
         0          0          0          0          0          0   entry10a.o
         0          0          0          0          0          0   entry11a.o
         8          4          0          0          0          0   entry2.o
         4          0          0          0          0          0   entry5.o
         0          0          0          0          0          0   entry7b.o
         0          0          0          0          0          0   entry8b.o
         8          4          0          0          0          0   entry9a.o
        30          0          0          0          0          0   handlers.o
        36          8          0          0          0         68   init.o

    ----------------------------------------------------------------------
        88         16          0          0          0         68   Library Totals
         2          0          0          0          0          0   (incl. Padding)

    ----------------------------------------------------------------------

      Code (inc. data)   RO Data    RW Data    ZI Data      Debug   Library Name

        86         16          0          0          0         68   mc_w.l

    ----------------------------------------------------------------------
        88         16          0          0          0         68   Library Totals

    ----------------------------------------------------------------------

==============================================================================


      Code (inc. data)   RO Data    RW Data    ZI Data      Debug   

      5324        258        616         36       1044     265446   Grand Totals
      5324        258        616         36       1044     265446   ELF Image Totals
      5324        258        616         36          0          0   ROM Totals

==============================================================================

    Total RO  Size (Code + RO Data)                 5940 (   5.80kB)
    Total RW  Size (RW Data + ZI Data)              1080 (   1.05kB)
    Total ROM Size (Code + RO Data + RW Data)       5976 (   5.84kB)

==============================================================================

